Microsoft Windows [version 10.0.19045.3448]
(c) Microsoft Corporation. Tous droits réservés.

C:\Users\ibrah\VirtualBox VMs>ssh -i cle_vm_tp234 -p 2222 inf8480@localhost
Welcome to Ubuntu 20.04.1 LTS (GNU/Linux 5.4.0-47-generic x86_64)

 * Documentation:  https://help.ubuntu.com
 * Management:     https://landscape.canonical.com
 * Support:        https://ubuntu.com/advantage

  System information as of Tue Oct  3 12:27:52 UTC 2023

  System load:  0.39               Processes:                137
  Usage of /:   37.0% of 23.99GB   Users logged in:          0
  Memory usage: 7%                 IPv4 address for docker0: 172.17.0.1
  Swap usage:   0%                 IPv4 address for enp0s3:  10.0.2.15

 * Strictly confined Kubernetes makes edge and IoT secure. Learn how MicroK8s
   just raised the bar for easy, resilient and secure K8s cluster deployment.

   https://ubuntu.com/engage/secure-kubernetes-at-the-edge

379 updates can be installed immediately.
254 of these updates are security updates.
To see these additional updates run: apt list --upgradable

New release '22.04.3 LTS' available.
Run 'do-release-upgrade' to upgrade to it.


Last login: Mon Oct  2 21:19:28 2023 from 10.0.2.2
inf8480@inf8480:~$ sudo docker run -t -d --privileged=true --name gluster1 --hostname gluster1 -p 24007:24007 -p 49152-49160:49152-49160 ubuntu:focal
Unable to find image 'ubuntu:focal' locally
focal: Pulling from library/ubuntu
edaedc954fb5: Pull complete
Digest: sha256:33a5cc25d22c45900796a1aca487ad7a7cb09f09ea00b779e3b2026b4fc2faba
Status: Downloaded newer image for ubuntu:focal
7b42c632766c48cbf01ff476e16c53ffaba6e322a78f04b7460ae3a11432467b
inf8480@inf8480:~$ sudo docker run -t -d --privileged=true --name gluster1 --hostname gluster1 -p 24007:24007 -p 49152-49160:49152-49160 ubuntu:focal
docker: Error response from daemon: Conflict. The container name "/gluster1" is already in use by container "7b42c632766c48cbf01ff476e16c53ffaba6e322a78f04b7460ae3a11432467b". You have to remove (or rename) that container to be able to reuse that name.
See 'docker run --help'.
inf8480@inf8480:~$ sudo docker run -t -d --privileged=true --name gluster2 --hostname gluster2 -p 24007:24007 -p 49152-49160:49152-49160 ubuntu:focal
3c524b0e5fe5b8503bc0f259b1de16e1596fb317b8dc42ab262ffa6e47883992
docker: Error response from daemon: driver failed programming external connectivity on endpoint gluster2 (6e97ddac7c6556ac642be96694d2d8f2ea2df38dc1d738a17a55cc52e263482c): Bind for 0.0.0.0:49160 failed: port is already allocated.
inf8480@inf8480:~$ sudo docker run -t -d --privileged=true --name client --hostname client -p 24007:24007 -p 49152-49160:49152-49160 ubuntu:focal
2d6e9b1cae7dc1118d92c2a31bd5d2391a9cddec68a1405071b675f96cd8f615
docker: Error response from daemon: driver failed programming external connectivity on endpoint client (baf65cc4d6599128b21fb29bc9d129d798e172a940e45a1f6ff48125bbd94151): Bind for 0.0.0.0:49160 failed: port is already allocated.
inf8480@inf8480:~$ sudo docker stop inf8480tp2
inf8480tp2
inf8480@inf8480:~$ sudo docker stop gluster1
gluster1
inf8480@inf8480:~$ sudo docker rm gluster1
gluster1
inf8480@inf8480:~$ sudo docker stop gluster2
gluster2
inf8480@inf8480:~$ sudo docker rm gluster2
gluster2
inf8480@inf8480:~$ sudo docker stop client
client
inf8480@inf8480:~$ sudo docker rm client
client
inf8480@inf8480:~$ sudo docker run -t -d --privileged=true --name gluster1 --hostname gluster1 -p 24007 -p 49152-49160 ubuntu:focal
0c9f015686493203aa10f54cec25f37a3df4518a20072448ebe0153001f991c0
inf8480@inf8480:~$ sudo docker run -t -d --privileged=true --name gluster2 --hostname gluster2 -p 24007 -p 49152-49160 ubuntu:focal
e1a98a244fbe78c4e3d9770f148150fc8fb98b2d3bf57f16de77d75a17064215
inf8480@inf8480:~$ sudo docker run -t -d --privileged=true --name client --hostname client
"docker run" requires at least 1 argument.
See 'docker run --help'.

Usage:  docker run [OPTIONS] IMAGE [COMMAND] [ARG...]

Run a command in a new container
inf8480@inf8480:~$ sudo docker run -t -d --privileged=true --name client --hostname client -p 24007 -p 49152-49160 ubuntu:focal
9e864ae73366e980f52d940ca72a1441edddd627a1fca291f8c4347611c2455b
inf8480@inf8480:~$ sudo docker exec -it gluster1/bin/bash
"docker exec" requires at least 2 arguments.
See 'docker exec --help'.

Usage:  docker exec [OPTIONS] CONTAINER COMMAND [ARG...]

Run a command in a running container
inf8480@inf8480:~$ sudo docker exec -it gluster1 /bin/bash
root@gluster1:/# apt-get update
Get:1 http://archive.ubuntu.com/ubuntu focal InRelease [265 kB]
Get:2 http://archive.ubuntu.com/ubuntu focal-updates InRelease [114 kB]
Get:3 http://archive.ubuntu.com/ubuntu focal-backports InRelease [108 kB]
Get:4 http://archive.ubuntu.com/ubuntu focal/multiverse amd64 Packages [177 kB]
Get:5 http://archive.ubuntu.com/ubuntu focal/universe amd64 Packages [11.3 MB]
Get:6 http://archive.ubuntu.com/ubuntu focal/main amd64 Packages [1275 kB]
Get:7 http://archive.ubuntu.com/ubuntu focal/restricted amd64 Packages [33.4 kB]
Get:8 http://archive.ubuntu.com/ubuntu focal-updates/multiverse amd64 Packages [32.0 kB]
Get:9 http://archive.ubuntu.com/ubuntu focal-updates/universe amd64 Packages [1414 kB]
Get:10 http://archive.ubuntu.com/ubuntu focal-updates/main amd64 Packages [3560 kB]
Get:11 http://archive.ubuntu.com/ubuntu focal-updates/restricted amd64 Packages [2989 kB]
Get:12 http://archive.ubuntu.com/ubuntu focal-backports/main amd64 Packages [55.2 kB]
Get:13 http://archive.ubuntu.com/ubuntu focal-backports/universe amd64 Packages [28.6 kB]
Get:14 http://security.ubuntu.com/ubuntu focal-security InRelease [114 kB]
Get:15 http://security.ubuntu.com/ubuntu focal-security/main amd64 Packages [3067 kB]
Get:16 http://security.ubuntu.com/ubuntu focal-security/multiverse amd64 Packages [29.3 kB]
Get:17 http://security.ubuntu.com/ubuntu focal-security/universe amd64 Packages [1110 kB]
Get:18 http://security.ubuntu.com/ubuntu focal-security/restricted amd64 Packages [2828 kB]
Fetched 28.5 MB in 4s (6944 kB/s)
Reading package lists... Done
root@gluster1:/# apt-get install -y net-tools
Reading package lists... Done
Building dependency tree
Reading state information... Done
The following NEW packages will be installed:
  net-tools
0 upgraded, 1 newly installed, 0 to remove and 2 not upgraded.
Need to get 196 kB of archives.
After this operation, 864 kB of additional disk space will be used.
Get:1 http://archive.ubuntu.com/ubuntu focal/main amd64 net-tools amd64 1.60+git20180626.aebd88e-1ubuntu1 [196 kB]
Fetched 196 kB in 0s (1439 kB/s)
debconf: delaying package configuration, since apt-utils is not installed
Selecting previously unselected package net-tools.
(Reading database ... 4126 files and directories currently installed.)
Preparing to unpack .../net-tools_1.60+git20180626.aebd88e-1ubuntu1_amd64.deb ...
Unpacking net-tools (1.60+git20180626.aebd88e-1ubuntu1) ...
Setting up net-tools (1.60+git20180626.aebd88e-1ubuntu1) ...
root@gluster1:/# ifconfig
eth0: flags=4163<UP,BROADCAST,RUNNING,MULTICAST>  mtu 1500
        inet 172.17.0.2  netmask 255.255.0.0  broadcast 172.17.255.255
        ether 02:42:ac:11:00:02  txqueuelen 0  (Ethernet)
        RX packets 2301  bytes 28870211 (28.8 MB)
        RX errors 0  dropped 0  overruns 0  frame 0
        TX packets 1889  bytes 106478 (106.4 KB)
        TX errors 0  dropped 0 overruns 0  carrier 0  collisions 0

lo: flags=73<UP,LOOPBACK,RUNNING>  mtu 65536
        inet 127.0.0.1  netmask 255.0.0.0
        loop  txqueuelen 1000  (Local Loopback)
        RX packets 0  bytes 0 (0.0 B)
        RX errors 0  dropped 0  overruns 0  frame 0
        TX packets 0  bytes 0 (0.0 B)
        TX errors 0  dropped 0 overruns 0  carrier 0  collisions 0

root@gluster1:/# apt-get update
Get:1 http://security.ubuntu.com/ubuntu focal-security InRelease [114 kB]
Hit:2 http://archive.ubuntu.com/ubuntu focal InRelease
Get:3 http://archive.ubuntu.com/ubuntu focal-updates InRelease [114 kB]
Get:4 http://archive.ubuntu.com/ubuntu focal-backports InRelease [108 kB]
Fetched 336 kB in 1s (385 kB/s)
Reading package lists... Done
root@gluster1:/# apt-get install -y vim
Reading package lists... Done
Building dependency tree
Reading state information... Done
The following additional packages will be installed:
  alsa-topology-conf alsa-ucm-conf file libasound2 libasound2-data libcanberra0 libexpat1
  libgpm2 libltdl7 libmagic-mgc libmagic1 libmpdec2 libogg0 libpython3.8 libpython3.8-minimal
  libpython3.8-stdlib libreadline8 libsqlite3-0 libssl1.1 libtdb1 libvorbis0a libvorbisfile3
  mime-support readline-common sound-theme-freedesktop vim-common vim-runtime xxd xz-utils
Suggested packages:
  libasound2-plugins alsa-utils libcanberra-gtk0 libcanberra-pulse gpm readline-doc ctags
  vim-doc vim-scripts
The following NEW packages will be installed:
  alsa-topology-conf alsa-ucm-conf file libasound2 libasound2-data libcanberra0 libexpat1
  libgpm2 libltdl7 libmagic-mgc libmagic1 libmpdec2 libogg0 libpython3.8 libpython3.8-minimal
  libpython3.8-stdlib libreadline8 libsqlite3-0 libssl1.1 libtdb1 libvorbis0a libvorbisfile3
  mime-support readline-common sound-theme-freedesktop vim vim-common vim-runtime xxd xz-utils
0 upgraded, 30 newly installed, 0 to remove and 2 not upgraded.
Need to get 15.0 MB of archives.
After this operation, 70.6 MB of additional disk space will be used.
Get:1 http://archive.ubuntu.com/ubuntu focal/main amd64 libmagic-mgc amd64 1:5.38-4 [218 kB]
Get:2 http://archive.ubuntu.com/ubuntu focal/main amd64 libmagic1 amd64 1:5.38-4 [75.9 kB]
Get:3 http://archive.ubuntu.com/ubuntu focal/main amd64 file amd64 1:5.38-4 [23.3 kB]
Get:4 http://archive.ubuntu.com/ubuntu focal-updates/main amd64 libexpat1 amd64 2.2.9-1ubuntu0.6 [74.6 kB]
Get:5 http://archive.ubuntu.com/ubuntu focal/main amd64 libmpdec2 amd64 2.4.2-3 [81.1 kB]
Get:6 http://archive.ubuntu.com/ubuntu focal-updates/main amd64 libssl1.1 amd64 1.1.1f-1ubuntu2.19 [1321 kB]
Get:7 http://archive.ubuntu.com/ubuntu focal-updates/main amd64 libpython3.8-minimal amd64 3.8.10-0ubuntu1~20.04.8 [717 kB]
Get:8 http://archive.ubuntu.com/ubuntu focal/main amd64 mime-support all 3.64ubuntu1 [30.6 kB]
Get:9 http://archive.ubuntu.com/ubuntu focal/main amd64 readline-common all 8.0-4 [53.5 kB]
Get:10 http://archive.ubuntu.com/ubuntu focal/main amd64 libreadline8 amd64 8.0-4 [131 kB]
Get:11 http://archive.ubuntu.com/ubuntu focal-updates/main amd64 libsqlite3-0 amd64 3.31.1-4ubuntu0.5 [549 kB]
Get:12 http://archive.ubuntu.com/ubuntu focal-updates/main amd64 libpython3.8-stdlib amd64 3.8.10-0ubuntu1~20.04.8 [1675 kB]
Get:13 http://archive.ubuntu.com/ubuntu focal-updates/main amd64 xxd amd64 2:8.1.2269-1ubuntu5.17 [52.3 kB]
Get:14 http://archive.ubuntu.com/ubuntu focal-updates/main amd64 vim-common all 2:8.1.2269-1ubuntu5.17 [87.3 kB]
Get:15 http://archive.ubuntu.com/ubuntu focal-updates/main amd64 xz-utils amd64 5.2.4-1ubuntu1.1 [82.6 kB]
Get:16 http://archive.ubuntu.com/ubuntu focal/main amd64 alsa-topology-conf all 1.2.2-1 [7364 B]
Get:17 http://archive.ubuntu.com/ubuntu focal-updates/main amd64 alsa-ucm-conf all 1.2.2-1ubuntu0.13 [27.0 kB]
Get:18 http://archive.ubuntu.com/ubuntu focal-updates/main amd64 libasound2-data all 1.2.2-2.1ubuntu2.5 [20.1 kB]
Get:19 http://archive.ubuntu.com/ubuntu focal-updates/main amd64 libasound2 amd64 1.2.2-2.1ubuntu2.5 [335 kB]
Get:20 http://archive.ubuntu.com/ubuntu focal/main amd64 libltdl7 amd64 2.4.6-14 [38.5 kB]
Get:21 http://archive.ubuntu.com/ubuntu focal-updates/main amd64 libtdb1 amd64 1.4.5-0ubuntu0.20.04.1 [44.2 kB]
Get:22 http://archive.ubuntu.com/ubuntu focal/main amd64 libogg0 amd64 1.3.4-0ubuntu1 [24.0 kB]
Get:23 http://archive.ubuntu.com/ubuntu focal/main amd64 libvorbis0a amd64 1.3.6-2ubuntu1 [87.0 kB]
Get:24 http://archive.ubuntu.com/ubuntu focal/main amd64 libvorbisfile3 amd64 1.3.6-2ubuntu1 [16.1 kB]
Get:25 http://archive.ubuntu.com/ubuntu focal/main amd64 sound-theme-freedesktop all 0.8-2ubuntu1 [384 kB]
Get:26 http://archive.ubuntu.com/ubuntu focal/main amd64 libcanberra0 amd64 0.30-7ubuntu1 [38.1 kB]
Get:27 http://archive.ubuntu.com/ubuntu focal/main amd64 libgpm2 amd64 1.20.7-5 [15.1 kB]
Get:28 http://archive.ubuntu.com/ubuntu focal-updates/main amd64 libpython3.8 amd64 3.8.10-0ubuntu1~20.04.8 [1625 kB]
Get:29 http://archive.ubuntu.com/ubuntu focal-updates/main amd64 vim-runtime all 2:8.1.2269-1ubuntu5.17 [5876 kB]
Get:30 http://archive.ubuntu.com/ubuntu focal-updates/main amd64 vim amd64 2:8.1.2269-1ubuntu5.17 [1241 kB]
Fetched 15.0 MB in 1s (15.9 MB/s)
debconf: delaying package configuration, since apt-utils is not installed
Selecting previously unselected package libmagic-mgc.
(Reading database ... 4175 files and directories currently installed.)
Preparing to unpack .../00-libmagic-mgc_1%3a5.38-4_amd64.deb ...
Unpacking libmagic-mgc (1:5.38-4) ...
Selecting previously unselected package libmagic1:amd64.
Preparing to unpack .../01-libmagic1_1%3a5.38-4_amd64.deb ...
Unpacking libmagic1:amd64 (1:5.38-4) ...
Selecting previously unselected package file.
Preparing to unpack .../02-file_1%3a5.38-4_amd64.deb ...
Unpacking file (1:5.38-4) ...
Selecting previously unselected package libexpat1:amd64.
Preparing to unpack .../03-libexpat1_2.2.9-1ubuntu0.6_amd64.deb ...
Unpacking libexpat1:amd64 (2.2.9-1ubuntu0.6) ...
Selecting previously unselected package libmpdec2:amd64.
Preparing to unpack .../04-libmpdec2_2.4.2-3_amd64.deb ...
Unpacking libmpdec2:amd64 (2.4.2-3) ...
Selecting previously unselected package libssl1.1:amd64.
Preparing to unpack .../05-libssl1.1_1.1.1f-1ubuntu2.19_amd64.deb ...
Unpacking libssl1.1:amd64 (1.1.1f-1ubuntu2.19) ...
Selecting previously unselected package libpython3.8-minimal:amd64.
Preparing to unpack .../06-libpython3.8-minimal_3.8.10-0ubuntu1~20.04.8_amd64.deb ...
Unpacking libpython3.8-minimal:amd64 (3.8.10-0ubuntu1~20.04.8) ...
Selecting previously unselected package mime-support.
Preparing to unpack .../07-mime-support_3.64ubuntu1_all.deb ...
Unpacking mime-support (3.64ubuntu1) ...
Selecting previously unselected package readline-common.
Preparing to unpack .../08-readline-common_8.0-4_all.deb ...
Unpacking readline-common (8.0-4) ...
Selecting previously unselected package libreadline8:amd64.
Preparing to unpack .../09-libreadline8_8.0-4_amd64.deb ...
Unpacking libreadline8:amd64 (8.0-4) ...
Selecting previously unselected package libsqlite3-0:amd64.
Preparing to unpack .../10-libsqlite3-0_3.31.1-4ubuntu0.5_amd64.deb ...
Unpacking libsqlite3-0:amd64 (3.31.1-4ubuntu0.5) ...
Selecting previously unselected package libpython3.8-stdlib:amd64.
Preparing to unpack .../11-libpython3.8-stdlib_3.8.10-0ubuntu1~20.04.8_amd64.deb ...
Unpacking libpython3.8-stdlib:amd64 (3.8.10-0ubuntu1~20.04.8) ...
Selecting previously unselected package xxd.
Preparing to unpack .../12-xxd_2%3a8.1.2269-1ubuntu5.17_amd64.deb ...
Unpacking xxd (2:8.1.2269-1ubuntu5.17) ...
Selecting previously unselected package vim-common.
Preparing to unpack .../13-vim-common_2%3a8.1.2269-1ubuntu5.17_all.deb ...
Unpacking vim-common (2:8.1.2269-1ubuntu5.17) ...
Selecting previously unselected package xz-utils.
Preparing to unpack .../14-xz-utils_5.2.4-1ubuntu1.1_amd64.deb ...
Unpacking xz-utils (5.2.4-1ubuntu1.1) ...
Selecting previously unselected package alsa-topology-conf.
Preparing to unpack .../15-alsa-topology-conf_1.2.2-1_all.deb ...
Unpacking alsa-topology-conf (1.2.2-1) ...
Selecting previously unselected package alsa-ucm-conf.
Preparing to unpack .../16-alsa-ucm-conf_1.2.2-1ubuntu0.13_all.deb ...
Unpacking alsa-ucm-conf (1.2.2-1ubuntu0.13) ...
Selecting previously unselected package libasound2-data.
Preparing to unpack .../17-libasound2-data_1.2.2-2.1ubuntu2.5_all.deb ...
Unpacking libasound2-data (1.2.2-2.1ubuntu2.5) ...
Selecting previously unselected package libasound2:amd64.
Preparing to unpack .../18-libasound2_1.2.2-2.1ubuntu2.5_amd64.deb ...
Unpacking libasound2:amd64 (1.2.2-2.1ubuntu2.5) ...
Selecting previously unselected package libltdl7:amd64.
Preparing to unpack .../19-libltdl7_2.4.6-14_amd64.deb ...
Unpacking libltdl7:amd64 (2.4.6-14) ...
Selecting previously unselected package libtdb1:amd64.
Preparing to unpack .../20-libtdb1_1.4.5-0ubuntu0.20.04.1_amd64.deb ...
Unpacking libtdb1:amd64 (1.4.5-0ubuntu0.20.04.1) ...
Selecting previously unselected package libogg0:amd64.
Preparing to unpack .../21-libogg0_1.3.4-0ubuntu1_amd64.deb ...
Unpacking libogg0:amd64 (1.3.4-0ubuntu1) ...
Selecting previously unselected package libvorbis0a:amd64.
Preparing to unpack .../22-libvorbis0a_1.3.6-2ubuntu1_amd64.deb ...
Unpacking libvorbis0a:amd64 (1.3.6-2ubuntu1) ...
Selecting previously unselected package libvorbisfile3:amd64.
Preparing to unpack .../23-libvorbisfile3_1.3.6-2ubuntu1_amd64.deb ...
Unpacking libvorbisfile3:amd64 (1.3.6-2ubuntu1) ...
Selecting previously unselected package sound-theme-freedesktop.
Preparing to unpack .../24-sound-theme-freedesktop_0.8-2ubuntu1_all.deb ...
Unpacking sound-theme-freedesktop (0.8-2ubuntu1) ...
Selecting previously unselected package libcanberra0:amd64.
Preparing to unpack .../25-libcanberra0_0.30-7ubuntu1_amd64.deb ...
Unpacking libcanberra0:amd64 (0.30-7ubuntu1) ...
Selecting previously unselected package libgpm2:amd64.
Preparing to unpack .../26-libgpm2_1.20.7-5_amd64.deb ...
Unpacking libgpm2:amd64 (1.20.7-5) ...
Selecting previously unselected package libpython3.8:amd64.
Preparing to unpack .../27-libpython3.8_3.8.10-0ubuntu1~20.04.8_amd64.deb ...
Unpacking libpython3.8:amd64 (3.8.10-0ubuntu1~20.04.8) ...
Selecting previously unselected package vim-runtime.
Preparing to unpack .../28-vim-runtime_2%3a8.1.2269-1ubuntu5.17_all.deb ...
Adding 'diversion of /usr/share/vim/vim81/doc/help.txt to /usr/share/vim/vim81/doc/help.txt.vim-tiny by vim-runtime'
Adding 'diversion of /usr/share/vim/vim81/doc/tags to /usr/share/vim/vim81/doc/tags.vim-tiny by vim-runtime'
Unpacking vim-runtime (2:8.1.2269-1ubuntu5.17) ...
Selecting previously unselected package vim.
Preparing to unpack .../29-vim_2%3a8.1.2269-1ubuntu5.17_amd64.deb ...
Unpacking vim (2:8.1.2269-1ubuntu5.17) ...
Setting up libexpat1:amd64 (2.2.9-1ubuntu0.6) ...
Setting up libgpm2:amd64 (1.20.7-5) ...
Setting up libogg0:amd64 (1.3.4-0ubuntu1) ...
Setting up mime-support (3.64ubuntu1) ...
Setting up alsa-ucm-conf (1.2.2-1ubuntu0.13) ...
Setting up libmagic-mgc (1:5.38-4) ...
Setting up libtdb1:amd64 (1.4.5-0ubuntu0.20.04.1) ...
Setting up libssl1.1:amd64 (1.1.1f-1ubuntu2.19) ...
debconf: unable to initialize frontend: Dialog
debconf: (No usable dialog-like program is installed, so the dialog based frontend cannot be used. at /usr/share/perl5/Debconf/FrontEnd/Dialog.pm line 76.)
debconf: falling back to frontend: Readline
debconf: unable to initialize frontend: Readline
debconf: (Can't locate Term/ReadLine.pm in @INC (you may need to install the Term::ReadLine module) (@INC contains: /etc/perl /usr/local/lib/x86_64-linux-gnu/perl/5.30.0 /usr/local/share/perl/5.30.0 /usr/lib/x86_64-linux-gnu/perl5/5.30 /usr/share/perl5 /usr/lib/x86_64-linux-gnu/perl/5.30 /usr/share/perl/5.30 /usr/local/lib/site_perl /usr/lib/x86_64-linux-gnu/perl-base) at /usr/share/perl5/Debconf/FrontEnd/Readline.pm line 7.)
debconf: falling back to frontend: Teletype
Setting up libsqlite3-0:amd64 (3.31.1-4ubuntu0.5) ...
Setting up libmagic1:amd64 (1:5.38-4) ...
Setting up file (1:5.38-4) ...
Setting up xxd (2:8.1.2269-1ubuntu5.17) ...
Setting up libasound2-data (1.2.2-2.1ubuntu2.5) ...
Setting up vim-common (2:8.1.2269-1ubuntu5.17) ...
Setting up xz-utils (5.2.4-1ubuntu1.1) ...
update-alternatives: using /usr/bin/xz to provide /usr/bin/lzma (lzma) in auto mode
update-alternatives: warning: skip creation of /usr/share/man/man1/lzma.1.gz because associated file /usr/share/man/man1/xz.1.gz (of link group lzma) doesn't exist
update-alternatives: warning: skip creation of /usr/share/man/man1/unlzma.1.gz because associated file /usr/share/man/man1/unxz.1.gz (of link group lzma) doesn't exist
update-alternatives: warning: skip creation of /usr/share/man/man1/lzcat.1.gz because associated file /usr/share/man/man1/xzcat.1.gz (of link group lzma) doesn't exist
update-alternatives: warning: skip creation of /usr/share/man/man1/lzmore.1.gz because associated file /usr/share/man/man1/xzmore.1.gz (of link group lzma) doesn't exist
update-alternatives: warning: skip creation of /usr/share/man/man1/lzless.1.gz because associated file /usr/share/man/man1/xzless.1.gz (of link group lzma) doesn't exist
update-alternatives: warning: skip creation of /usr/share/man/man1/lzdiff.1.gz because associated file /usr/share/man/man1/xzdiff.1.gz (of link group lzma) doesn't exist
update-alternatives: warning: skip creation of /usr/share/man/man1/lzcmp.1.gz because associated file /usr/share/man/man1/xzcmp.1.gz (of link group lzma) doesn't exist
update-alternatives: warning: skip creation of /usr/share/man/man1/lzgrep.1.gz because associated file /usr/share/man/man1/xzgrep.1.gz (of link group lzma) doesn't exist
update-alternatives: warning: skip creation of /usr/share/man/man1/lzegrep.1.gz because associated file /usr/share/man/man1/xzegrep.1.gz (of link group lzma) doesn't exist
update-alternatives: warning: skip creation of /usr/share/man/man1/lzfgrep.1.gz because associated file /usr/share/man/man1/xzfgrep.1.gz (of link group lzma) doesn't exist
Setting up libvorbis0a:amd64 (1.3.6-2ubuntu1) ...
Setting up libltdl7:amd64 (2.4.6-14) ...
Setting up alsa-topology-conf (1.2.2-1) ...
Setting up sound-theme-freedesktop (0.8-2ubuntu1) ...
Setting up libasound2:amd64 (1.2.2-2.1ubuntu2.5) ...
Setting up libmpdec2:amd64 (2.4.2-3) ...
Setting up vim-runtime (2:8.1.2269-1ubuntu5.17) ...
Setting up readline-common (8.0-4) ...
Setting up libpython3.8-minimal:amd64 (3.8.10-0ubuntu1~20.04.8) ...
Setting up libreadline8:amd64 (8.0-4) ...
Setting up libvorbisfile3:amd64 (1.3.6-2ubuntu1) ...
Setting up libpython3.8-stdlib:amd64 (3.8.10-0ubuntu1~20.04.8) ...
Setting up libcanberra0:amd64 (0.30-7ubuntu1) ...
Setting up libpython3.8:amd64 (3.8.10-0ubuntu1~20.04.8) ...
Setting up vim (2:8.1.2269-1ubuntu5.17) ...
update-alternatives: using /usr/bin/vim.basic to provide /usr/bin/vim (vim) in auto mode
update-alternatives: using /usr/bin/vim.basic to provide /usr/bin/vimdiff (vimdiff) in auto mode
update-alternatives: using /usr/bin/vim.basic to provide /usr/bin/rvim (rvim) in auto mode
update-alternatives: using /usr/bin/vim.basic to provide /usr/bin/rview (rview) in auto mode
update-alternatives: using /usr/bin/vim.basic to provide /usr/bin/vi (vi) in auto mode
update-alternatives: warning: skip creation of /usr/share/man/da/man1/vi.1.gz because associated file /usr/share/man/da/man1/vim.1.gz (of link group vi) doesn't exist
update-alternatives: warning: skip creation of /usr/share/man/de/man1/vi.1.gz because associated file /usr/share/man/de/man1/vim.1.gz (of link group vi) doesn't exist
update-alternatives: warning: skip creation of /usr/share/man/fr/man1/vi.1.gz because associated file /usr/share/man/fr/man1/vim.1.gz (of link group vi) doesn't exist
update-alternatives: warning: skip creation of /usr/share/man/it/man1/vi.1.gz because associated file /usr/share/man/it/man1/vim.1.gz (of link group vi) doesn't exist
update-alternatives: warning: skip creation of /usr/share/man/ja/man1/vi.1.gz because associated file /usr/share/man/ja/man1/vim.1.gz (of link group vi) doesn't exist
update-alternatives: warning: skip creation of /usr/share/man/pl/man1/vi.1.gz because associated file /usr/share/man/pl/man1/vim.1.gz (of link group vi) doesn't exist
update-alternatives: warning: skip creation of /usr/share/man/ru/man1/vi.1.gz because associated file /usr/share/man/ru/man1/vim.1.gz (of link group vi) doesn't exist
update-alternatives: warning: skip creation of /usr/share/man/man1/vi.1.gz because associated file /usr/share/man/man1/vim.1.gz (of link group vi) doesn't exist
update-alternatives: using /usr/bin/vim.basic to provide /usr/bin/view (view) in auto mode
update-alternatives: warning: skip creation of /usr/share/man/da/man1/view.1.gz because associated file /usr/share/man/da/man1/vim.1.gz (of link group view) doesn't exist
update-alternatives: warning: skip creation of /usr/share/man/de/man1/view.1.gz because associated file /usr/share/man/de/man1/vim.1.gz (of link group view) doesn't exist
update-alternatives: warning: skip creation of /usr/share/man/fr/man1/view.1.gz because associated file /usr/share/man/fr/man1/vim.1.gz (of link group view) doesn't exist
update-alternatives: warning: skip creation of /usr/share/man/it/man1/view.1.gz because associated file /usr/share/man/it/man1/vim.1.gz (of link group view) doesn't exist
update-alternatives: warning: skip creation of /usr/share/man/ja/man1/view.1.gz because associated file /usr/share/man/ja/man1/vim.1.gz (of link group view) doesn't exist
update-alternatives: warning: skip creation of /usr/share/man/pl/man1/view.1.gz because associated file /usr/share/man/pl/man1/vim.1.gz (of link group view) doesn't exist
update-alternatives: warning: skip creation of /usr/share/man/ru/man1/view.1.gz because associated file /usr/share/man/ru/man1/vim.1.gz (of link group view) doesn't exist
update-alternatives: warning: skip creation of /usr/share/man/man1/view.1.gz because associated file /usr/share/man/man1/vim.1.gz (of link group view) doesn't exist
update-alternatives: using /usr/bin/vim.basic to provide /usr/bin/ex (ex) in auto mode
update-alternatives: warning: skip creation of /usr/share/man/da/man1/ex.1.gz because associated file /usr/share/man/da/man1/vim.1.gz (of link group ex) doesn't exist
update-alternatives: warning: skip creation of /usr/share/man/de/man1/ex.1.gz because associated file /usr/share/man/de/man1/vim.1.gz (of link group ex) doesn't exist
update-alternatives: warning: skip creation of /usr/share/man/fr/man1/ex.1.gz because associated file /usr/share/man/fr/man1/vim.1.gz (of link group ex) doesn't exist
update-alternatives: warning: skip creation of /usr/share/man/it/man1/ex.1.gz because associated file /usr/share/man/it/man1/vim.1.gz (of link group ex) doesn't exist
update-alternatives: warning: skip creation of /usr/share/man/ja/man1/ex.1.gz because associated file /usr/share/man/ja/man1/vim.1.gz (of link group ex) doesn't exist
update-alternatives: warning: skip creation of /usr/share/man/pl/man1/ex.1.gz because associated file /usr/share/man/pl/man1/vim.1.gz (of link group ex) doesn't exist
update-alternatives: warning: skip creation of /usr/share/man/ru/man1/ex.1.gz because associated file /usr/share/man/ru/man1/vim.1.gz (of link group ex) doesn't exist
update-alternatives: warning: skip creation of /usr/share/man/man1/ex.1.gz because associated file /usr/share/man/man1/vim.1.gz (of link group ex) doesn't exist
update-alternatives: using /usr/bin/vim.basic to provide /usr/bin/editor (editor) in auto mode
update-alternatives: warning: skip creation of /usr/share/man/da/man1/editor.1.gz because associated file /usr/share/man/da/man1/vim.1.gz (of link group editor) doesn't exist
update-alternatives: warning: skip creation of /usr/share/man/de/man1/editor.1.gz because associated file /usr/share/man/de/man1/vim.1.gz (of link group editor) doesn't exist
update-alternatives: warning: skip creation of /usr/share/man/fr/man1/editor.1.gz because associated file /usr/share/man/fr/man1/vim.1.gz (of link group editor) doesn't exist
update-alternatives: warning: skip creation of /usr/share/man/it/man1/editor.1.gz because associated file /usr/share/man/it/man1/vim.1.gz (of link group editor) doesn't exist
update-alternatives: warning: skip creation of /usr/share/man/ja/man1/editor.1.gz because associated file /usr/share/man/ja/man1/vim.1.gz (of link group editor) doesn't exist
update-alternatives: warning: skip creation of /usr/share/man/pl/man1/editor.1.gz because associated file /usr/share/man/pl/man1/vim.1.gz (of link group editor) doesn't exist
update-alternatives: warning: skip creation of /usr/share/man/ru/man1/editor.1.gz because associated file /usr/share/man/ru/man1/vim.1.gz (of link group editor) doesn't exist
update-alternatives: warning: skip creation of /usr/share/man/man1/editor.1.gz because associated file /usr/share/man/man1/vim.1.gz (of link group editor) doesn't exist
Processing triggers for libc-bin (2.31-0ubuntu9.9) ...
root@gluster1:/# vi /etc/hosts
root@gluster1:/# root@gluster1:/# ping gluster2
bash: ping: command not found
root@gluster1:/# apt-get update
Hit:1 http://security.ubuntu.com/ubuntu focal-security InRelease
Hit:2 http://archive.ubuntu.com/ubuntu focal InRelease
Hit:3 http://archive.ubuntu.com/ubuntu focal-updates InRelease
Hit:4 http://archive.ubuntu.com/ubuntu focal-backports InRelease
Reading package lists... Done
root@gluster1:/# apt-get install -y iputils-ping
Reading package lists... Done
Building dependency tree
Reading state information... Done
The following additional packages will be installed:
  libcap2 libcap2-bin libpam-cap
The following NEW packages will be installed:
  iputils-ping libcap2 libcap2-bin libpam-cap
0 upgraded, 4 newly installed, 0 to remove and 2 not upgraded.
Need to get 90.4 kB of archives.
After this operation, 336 kB of additional disk space will be used.
Get:1 http://archive.ubuntu.com/ubuntu focal-updates/main amd64 libcap2 amd64 1:2.32-1ubuntu0.1 [15.8 kB]
Get:2 http://archive.ubuntu.com/ubuntu focal-updates/main amd64 libcap2-bin amd64 1:2.32-1ubuntu0.1 [26.2 kB]
Get:3 http://archive.ubuntu.com/ubuntu focal/main amd64 iputils-ping amd64 3:20190709-3 [40.1 kB]
Get:4 http://archive.ubuntu.com/ubuntu focal-updates/main amd64 libpam-cap amd64 1:2.32-1ubuntu0.1 [8364 B]
Fetched 90.4 kB in 0s (693 kB/s)
debconf: delaying package configuration, since apt-utils is not installed
Selecting previously unselected package libcap2:amd64.
(Reading database ... 7284 files and directories currently installed.)
Preparing to unpack .../libcap2_1%3a2.32-1ubuntu0.1_amd64.deb ...
Unpacking libcap2:amd64 (1:2.32-1ubuntu0.1) ...
Selecting previously unselected package libcap2-bin.
Preparing to unpack .../libcap2-bin_1%3a2.32-1ubuntu0.1_amd64.deb ...
Unpacking libcap2-bin (1:2.32-1ubuntu0.1) ...
Selecting previously unselected package iputils-ping.
Preparing to unpack .../iputils-ping_3%3a20190709-3_amd64.deb ...
Unpacking iputils-ping (3:20190709-3) ...
Selecting previously unselected package libpam-cap:amd64.
Preparing to unpack .../libpam-cap_1%3a2.32-1ubuntu0.1_amd64.deb ...
Unpacking libpam-cap:amd64 (1:2.32-1ubuntu0.1) ...
Setting up libcap2:amd64 (1:2.32-1ubuntu0.1) ...
Setting up libcap2-bin (1:2.32-1ubuntu0.1) ...
Setting up libpam-cap:amd64 (1:2.32-1ubuntu0.1) ...
debconf: unable to initialize frontend: Dialog
debconf: (No usable dialog-like program is installed, so the dialog based frontend cannot be used. at /usr/share/perl5/Debconf/FrontEnd/Dialog.pm line 76.)
debconf: falling back to frontend: Readline
debconf: unable to initialize frontend: Readline
debconf: (Can't locate Term/ReadLine.pm in @INC (you may need to install the Term::ReadLine module) (@INC contains: /etc/perl /usr/local/lib/x86_64-linux-gnu/perl/5.30.0 /usr/local/share/perl/5.30.0 /usr/lib/x86_64-linux-gnu/perl5/5.30 /usr/share/perl5 /usr/lib/x86_64-linux-gnu/perl/5.30 /usr/share/perl/5.30 /usr/local/lib/site_perl /usr/lib/x86_64-linux-gnu/perl-base) at /usr/share/perl5/Debconf/FrontEnd/Readline.pm line 7.)
debconf: falling back to frontend: Teletype
Setting up iputils-ping (3:20190709-3) ...
Processing triggers for libc-bin (2.31-0ubuntu9.9) ...
root@gluster1:/# ping gluster2
PING gluster2 (172.17.0.3) 56(84) bytes of data.
64 bytes from gluster2 (172.17.0.3): icmp_seq=1 ttl=64 time=0.110 ms
64 bytes from gluster2 (172.17.0.3): icmp_seq=2 ttl=64 time=0.109 ms
64 bytes from gluster2 (172.17.0.3): icmp_seq=3 ttl=64 time=0.118 ms
64 bytes from gluster2 (172.17.0.3): icmp_seq=4 ttl=64 time=0.247 ms
64 bytes from gluster2 (172.17.0.3): icmp_seq=5 ttl=64 time=0.115 ms
64 bytes from gluster2 (172.17.0.3): icmp_seq=6 ttl=64 time=0.113 ms
64 bytes from gluster2 (172.17.0.3): icmp_seq=7 ttl=64 time=0.375 ms
64 bytes from gluster2 (172.17.0.3): icmp_seq=8 ttl=64 time=0.116 ms
64 bytes from gluster2 (172.17.0.3): icmp_seq=9 ttl=64 time=0.114 ms
64 bytes from gluster2 (172.17.0.3): icmp_seq=10 ttl=64 time=0.115 ms
64 bytes from gluster2 (172.17.0.3): icmp_seq=11 ttl=64 time=0.054 ms
64 bytes from gluster2 (172.17.0.3): icmp_seq=12 ttl=64 time=0.075 ms
64 bytes from gluster2 (172.17.0.3): icmp_seq=13 ttl=64 time=0.113 ms
64 bytes from gluster2 (172.17.0.3): icmp_seq=14 ttl=64 time=0.114 ms
64 bytes from gluster2 (172.17.0.3): icmp_seq=15 ttl=64 time=0.113 ms
64 bytes from gluster2 (172.17.0.3): icmp_seq=16 ttl=64 time=0.120 ms
64 bytes from gluster2 (172.17.0.3): icmp_seq=17 ttl=64 time=0.117 ms
64 bytes from gluster2 (172.17.0.3): icmp_seq=18 ttl=64 time=0.114 ms
64 bytes from gluster2 (172.17.0.3): icmp_seq=19 ttl=64 time=0.113 ms
64 bytes from gluster2 (172.17.0.3): icmp_seq=20 ttl=64 time=0.050 ms
64 bytes from gluster2 (172.17.0.3): icmp_seq=21 ttl=64 time=0.126 ms
64 bytes from gluster2 (172.17.0.3): icmp_seq=22 ttl=64 time=0.113 ms
64 bytes from gluster2 (172.17.0.3): icmp_seq=23 ttl=64 time=0.113 ms
64 bytes from gluster2 (172.17.0.3): icmp_seq=24 ttl=64 time=0.234 ms
64 bytes from gluster2 (172.17.0.3): icmp_seq=25 ttl=64 time=0.115 ms
64 bytes from gluster2 (172.17.0.3): icmp_seq=26 ttl=64 time=0.060 ms
64 bytes from gluster2 (172.17.0.3): icmp_seq=27 ttl=64 time=0.113 ms
64 bytes from gluster2 (172.17.0.3): icmp_seq=28 ttl=64 time=0.127 ms
64 bytes from gluster2 (172.17.0.3): icmp_seq=29 ttl=64 time=0.093 ms
64 bytes from gluster2 (172.17.0.3): icmp_seq=30 ttl=64 time=0.043 ms
64 bytes from gluster2 (172.17.0.3): icmp_seq=31 ttl=64 time=0.132 ms
64 bytes from gluster2 (172.17.0.3): icmp_seq=32 ttl=64 time=0.127 ms
64 bytes from gluster2 (172.17.0.3): icmp_seq=33 ttl=64 time=0.042 ms
64 bytes from gluster2 (172.17.0.3): icmp_seq=34 ttl=64 time=0.069 ms
64 bytes from gluster2 (172.17.0.3): icmp_seq=35 ttl=64 time=0.070 ms
64 bytes from gluster2 (172.17.0.3): icmp_seq=36 ttl=64 time=0.103 ms
64 bytes from gluster2 (172.17.0.3): icmp_seq=37 ttl=64 time=0.129 ms
64 bytes from gluster2 (172.17.0.3): icmp_seq=38 ttl=64 time=0.129 ms
64 bytes from gluster2 (172.17.0.3): icmp_seq=39 ttl=64 time=0.083 ms
64 bytes from gluster2 (172.17.0.3): icmp_seq=40 ttl=64 time=0.072 ms
64 bytes from gluster2 (172.17.0.3): icmp_seq=41 ttl=64 time=0.393 ms
64 bytes from gluster2 (172.17.0.3): icmp_seq=42 ttl=64 time=0.132 ms

64 bytes from gluster2 (172.17.0.3): icmp_seq=43 ttl=64 time=0.131 ms
64 bytes from gluster2 (172.17.0.3): icmp_seq=44 ttl=64 time=0.112 ms
64 bytes from gluster2 (172.17.0.3): icmp_seq=45 ttl=64 time=0.129 ms
64 bytes from gluster2 (172.17.0.3): icmp_seq=46 ttl=64 time=0.117 ms
64 bytes from gluster2 (172.17.0.3): icmp_seq=47 ttl=64 time=0.118 ms
64 bytes from gluster2 (172.17.0.3): icmp_seq=48 ttl=64 time=0.116 ms
64 bytes from gluster2 (172.17.0.3): icmp_seq=49 ttl=64 time=0.114 ms
64 bytes from gluster2 (172.17.0.3): icmp_seq=50 ttl=64 time=0.113 ms
64 bytes from gluster2 (172.17.0.3): icmp_seq=51 ttl=64 time=0.112 ms
64 bytes from gluster2 (172.17.0.3): icmp_seq=52 ttl=64 time=0.113 ms
64 bytes from gluster2 (172.17.0.3): icmp_seq=53 ttl=64 time=0.127 ms
64 bytes from gluster2 (172.17.0.3): icmp_seq=54 ttl=64 time=0.112 ms
64 bytes from gluster2 (172.17.0.3): icmp_seq=55 ttl=64 time=0.060 ms
64 bytes from gluster2 (172.17.0.3): icmp_seq=56 ttl=64 time=0.127 ms
64 bytes from gluster2 (172.17.0.3): icmp_seq=57 ttl=64 time=0.123 ms
64 bytes from gluster2 (172.17.0.3): icmp_seq=58 ttl=64 time=0.115 ms
64 bytes from gluster2 (172.17.0.3): icmp_seq=59 ttl=64 time=0.119 ms
64 bytes from gluster2 (172.17.0.3): icmp_seq=60 ttl=64 time=0.114 ms
64 bytes from gluster2 (172.17.0.3): icmp_seq=61 ttl=64 time=0.260 ms
64 bytes from gluster2 (172.17.0.3): icmp_seq=62 ttl=64 time=0.114 ms
64 bytes from gluster2 (172.17.0.3): icmp_seq=63 ttl=64 time=0.140 ms
64 bytes from gluster2 (172.17.0.3): icmp_seq=64 ttl=64 time=0.069 ms
64 bytes from gluster2 (172.17.0.3): icmp_seq=65 ttl=64 time=0.127 ms
64 bytes from gluster2 (172.17.0.3): icmp_seq=66 ttl=64 time=0.128 ms
64 bytes from gluster2 (172.17.0.3): icmp_seq=67 ttl=64 time=0.115 ms
64 bytes from gluster2 (172.17.0.3): icmp_seq=68 ttl=64 time=0.120 ms
64 bytes from gluster2 (172.17.0.3): icmp_seq=69 ttl=64 time=0.087 ms
64 bytes from gluster2 (172.17.0.3): icmp_seq=70 ttl=64 time=0.039 ms
64 bytes from gluster2 (172.17.0.3): icmp_seq=71 ttl=64 time=0.102 ms
64 bytes from gluster2 (172.17.0.3): icmp_seq=72 ttl=64 time=0.083 ms
64 bytes from gluster2 (172.17.0.3): icmp_seq=73 ttl=64 time=0.159 ms
64 bytes from gluster2 (172.17.0.3): icmp_seq=74 ttl=64 time=0.043 ms
64 bytes from gluster2 (172.17.0.3): icmp_seq=75 ttl=64 time=0.115 ms
64 bytes from gluster2 (172.17.0.3): icmp_seq=76 ttl=64 time=0.113 ms
64 bytes from gluster2 (172.17.0.3): icmp_seq=77 ttl=64 time=0.113 ms
64 bytes from gluster2 (172.17.0.3): icmp_seq=78 ttl=64 time=0.116 ms
64 bytes from gluster2 (172.17.0.3): icmp_seq=79 ttl=64 time=0.115 ms
64 bytes from gluster2 (172.17.0.3): icmp_seq=80 ttl=64 time=0.236 ms
64 bytes from gluster2 (172.17.0.3): icmp_seq=81 ttl=64 time=0.042 ms
64 bytes from gluster2 (172.17.0.3): icmp_seq=82 ttl=64 time=0.116 ms
64 bytes from gluster2 (172.17.0.3): icmp_seq=83 ttl=64 time=0.048 ms
64 bytes from gluster2 (172.17.0.3): icmp_seq=84 ttl=64 time=0.273 ms
64 bytes from gluster2 (172.17.0.3): icmp_seq=85 ttl=64 time=0.061 ms
64 bytes from gluster2 (172.17.0.3): icmp_seq=86 ttl=64 time=0.080 ms
64 bytes from gluster2 (172.17.0.3): icmp_seq=87 ttl=64 time=0.042 ms
64 bytes from gluster2 (172.17.0.3): icmp_seq=88 ttl=64 time=0.165 ms
64 bytes from gluster2 (172.17.0.3): icmp_seq=89 ttl=64 time=0.155 ms
64 bytes from gluster2 (172.17.0.3): icmp_seq=90 ttl=64 time=0.054 ms
64 bytes from gluster2 (172.17.0.3): icmp_seq=91 ttl=64 time=0.155 ms
64 bytes from gluster2 (172.17.0.3): icmp_seq=92 ttl=64 time=0.086 ms
64 bytes from gluster2 (172.17.0.3): icmp_seq=93 ttl=64 time=0.285 ms
64 bytes from gluster2 (172.17.0.3): icmp_seq=94 ttl=64 time=0.537 ms
64 bytes from gluster2 (172.17.0.3): icmp_seq=95 ttl=64 time=0.044 ms
64 bytes from gluster2 (172.17.0.3): icmp_seq=96 ttl=64 time=0.042 ms
64 bytes from gluster2 (172.17.0.3): icmp_seq=97 ttl=64 time=0.070 ms
64 bytes from gluster2 (172.17.0.3): icmp_seq=98 ttl=64 time=0.052 ms
64 bytes from gluster2 (172.17.0.3): icmp_seq=99 ttl=64 time=0.266 ms
64 bytes from gluster2 (172.17.0.3): icmp_seq=100 ttl=64 time=0.128 ms
64 bytes from gluster2 (172.17.0.3): icmp_seq=101 ttl=64 time=0.130 ms
64 bytes from gluster2 (172.17.0.3): icmp_seq=102 ttl=64 time=0.085 ms
64 bytes from gluster2 (172.17.0.3): icmp_seq=103 ttl=64 time=0.053 ms
64 bytes from gluster2 (172.17.0.3): icmp_seq=104 ttl=64 time=0.054 ms
64 bytes from gluster2 (172.17.0.3): icmp_seq=105 ttl=64 time=0.076 ms
64 bytes from gluster2 (172.17.0.3): icmp_seq=106 ttl=64 time=0.132 ms
64 bytes from gluster2 (172.17.0.3): icmp_seq=107 ttl=64 time=0.162 ms
64 bytes from gluster2 (172.17.0.3): icmp_seq=108 ttl=64 time=0.118 ms
64 bytes from gluster2 (172.17.0.3): icmp_seq=109 ttl=64 time=0.127 ms
64 bytes from gluster2 (172.17.0.3): icmp_seq=110 ttl=64 time=0.122 ms
64 bytes from gluster2 (172.17.0.3): icmp_seq=111 ttl=64 time=0.251 ms
64 bytes from gluster2 (172.17.0.3): icmp_seq=112 ttl=64 time=0.119 ms
64 bytes from gluster2 (172.17.0.3): icmp_seq=113 ttl=64 time=0.057 ms
64 bytes from gluster2 (172.17.0.3): icmp_seq=114 ttl=64 time=0.089 ms
64 bytes from gluster2 (172.17.0.3): icmp_seq=115 ttl=64 time=0.116 ms
64 bytes from gluster2 (172.17.0.3): icmp_seq=116 ttl=64 time=0.058 ms
64 bytes from gluster2 (172.17.0.3): icmp_seq=117 ttl=64 time=0.114 ms
64 bytes from gluster2 (172.17.0.3): icmp_seq=118 ttl=64 time=0.134 ms
^C
--- gluster2 ping statistics ---
118 packets transmitted, 118 received, 0% packet loss, time 121595ms
rtt min/avg/max/mdev = 0.039/0.121/0.537/0.071 ms
root@gluster1:/# apt-get install software-properties-common
Reading package lists... Done
Building dependency tree
Reading state information... Done
The following additional packages will be installed:
  ca-certificates dbus dbus-user-session dconf-gsettings-backend dconf-service dirmngr distro-info-data dmsetup gir1.2-glib-2.0 gir1.2-packagekitglib-1.0 glib-networking
  glib-networking-common glib-networking-services gnupg gnupg-l10n gnupg-utils gpg gpg-agent gpg-wks-client gpg-wks-server gpgconf gpgsm gsettings-desktop-schemas
  iso-codes krb5-locales libapparmor1 libappstream4 libargon2-1 libasn1-8-heimdal libassuan0 libbrotli1 libcryptsetup12 libdbus-1-3 libdconf1 libdevmapper1.02.1 libelf1
  libgirepository-1.0-1 libglib2.0-0 libglib2.0-bin libglib2.0-data libgssapi-krb5-2 libgssapi3-heimdal libgstreamer1.0-0 libhcrypto4-heimdal libheimbase1-heimdal
  libheimntlm0-heimdal libhx509-5-heimdal libicu66 libip4tc2 libjson-c4 libk5crypto3 libkeyutils1 libkmod2 libkrb5-26-heimdal libkrb5-3 libkrb5support0 libksba8
  libldap-2.4-2 libldap-common liblmdb0 libnpth0 libnss-systemd libpackagekit-glib2-18 libpam-systemd libpolkit-agent-1-0 libpolkit-gobject-1-0 libproxy1v5 libpsl5
  libpython3-stdlib libroken18-heimdal libsasl2-2 libsasl2-modules libsasl2-modules-db libsoup2.4-1 libstemmer0d libwind0-heimdal libxml2 libyaml-0-2 lsb-release
  networkd-dispatcher openssl packagekit packagekit-tools pinentry-curses policykit-1 publicsuffix python-apt-common python3 python3-apt python3-certifi python3-chardet
  python3-dbus python3-distro-info python3-gi python3-idna python3-minimal python3-pkg-resources python3-requests python3-requests-unixsocket python3-six
  python3-software-properties python3-urllib3 python3.8 python3.8-minimal shared-mime-info systemd systemd-sysv systemd-timesyncd tzdata ucf unattended-upgrades
  xdg-user-dirs
Suggested packages:
  pinentry-gnome3 tor parcimonie xloadimage scdaemon isoquery krb5-doc krb5-user gstreamer1.0-tools libsasl2-modules-gssapi-mit | libsasl2-modules-gssapi-heimdal
  libsasl2-modules-ldap libsasl2-modules-otp libsasl2-modules-sql iw | wireless-tools appstream pinentry-doc python3-doc python3-tk python3-venv python3-apt-dbg
  python-apt-doc python-dbus-doc python3-dbus-dbg python3-setuptools python3-cryptography python3-openssl python3-socks python3.8-venv python3.8-doc binutils
  binfmt-support systemd-container bsd-mailx default-mta | mail-transport-agent needrestart powermgmt-base
The following NEW packages will be installed:
  ca-certificates dbus dbus-user-session dconf-gsettings-backend dconf-service dirmngr distro-info-data dmsetup gir1.2-glib-2.0 gir1.2-packagekitglib-1.0 glib-networking
  glib-networking-common glib-networking-services gnupg gnupg-l10n gnupg-utils gpg gpg-agent gpg-wks-client gpg-wks-server gpgconf gpgsm gsettings-desktop-schemas
  iso-codes krb5-locales libapparmor1 libappstream4 libargon2-1 libasn1-8-heimdal libassuan0 libbrotli1 libcryptsetup12 libdbus-1-3 libdconf1 libdevmapper1.02.1 libelf1
  libgirepository-1.0-1 libglib2.0-0 libglib2.0-bin libglib2.0-data libgssapi-krb5-2 libgssapi3-heimdal libgstreamer1.0-0 libhcrypto4-heimdal libheimbase1-heimdal
  libheimntlm0-heimdal libhx509-5-heimdal libicu66 libip4tc2 libjson-c4 libk5crypto3 libkeyutils1 libkmod2 libkrb5-26-heimdal libkrb5-3 libkrb5support0 libksba8
  libldap-2.4-2 libldap-common liblmdb0 libnpth0 libnss-systemd libpackagekit-glib2-18 libpam-systemd libpolkit-agent-1-0 libpolkit-gobject-1-0 libproxy1v5 libpsl5
  libpython3-stdlib libroken18-heimdal libsasl2-2 libsasl2-modules libsasl2-modules-db libsoup2.4-1 libstemmer0d libwind0-heimdal libxml2 libyaml-0-2 lsb-release
  networkd-dispatcher openssl packagekit packagekit-tools pinentry-curses policykit-1 publicsuffix python-apt-common python3 python3-apt python3-certifi python3-chardet
  python3-dbus python3-distro-info python3-gi python3-idna python3-minimal python3-pkg-resources python3-requests python3-requests-unixsocket python3-six
  python3-software-properties python3-urllib3 python3.8 python3.8-minimal shared-mime-info software-properties-common systemd systemd-sysv systemd-timesyncd tzdata ucf
  unattended-upgrades xdg-user-dirs
0 upgraded, 113 newly installed, 0 to remove and 2 not upgraded.
Need to get 30.6 MB of archives.
After this operation, 128 MB of additional disk space will be used.
Do you want to continue? [Y/n] Y
Get:1 http://archive.ubuntu.com/ubuntu focal-updates/main amd64 python3.8-minimal amd64 3.8.10-0ubuntu1~20.04.8 [1902 kB]
Get:2 http://archive.ubuntu.com/ubuntu focal/main amd64 python3-minimal amd64 3.8.2-0ubuntu2 [23.6 kB]
Get:3 http://archive.ubuntu.com/ubuntu focal-updates/main amd64 python3.8 amd64 3.8.10-0ubuntu1~20.04.8 [387 kB]
Get:4 http://archive.ubuntu.com/ubuntu focal/main amd64 libpython3-stdlib amd64 3.8.2-0ubuntu2 [7068 B]
Get:5 http://archive.ubuntu.com/ubuntu focal/main amd64 python3 amd64 3.8.2-0ubuntu2 [47.6 kB]
Get:6 http://archive.ubuntu.com/ubuntu focal-updates/main amd64 libapparmor1 amd64 2.13.3-7ubuntu5.2 [35.4 kB]
Get:7 http://archive.ubuntu.com/ubuntu focal/main amd64 libargon2-1 amd64 0~20171227-0.2 [19.2 kB]
Get:8 http://archive.ubuntu.com/ubuntu focal/main amd64 libdevmapper1.02.1 amd64 2:1.02.167-1ubuntu1 [127 kB]
Get:9 http://archive.ubuntu.com/ubuntu focal-updates/main amd64 libjson-c4 amd64 0.13.1+dfsg-7ubuntu0.3 [29.3 kB]
Get:10 http://archive.ubuntu.com/ubuntu focal-updates/main amd64 libcryptsetup12 amd64 2:2.2.2-3ubuntu2.4 [166 kB]
Get:11 http://archive.ubuntu.com/ubuntu focal-updates/main amd64 libip4tc2 amd64 1.8.4-3ubuntu2.1 [19.1 kB]
Get:12 http://archive.ubuntu.com/ubuntu focal-updates/main amd64 libkmod2 amd64 27-1ubuntu2.1 [45.3 kB]
Get:13 http://archive.ubuntu.com/ubuntu focal-updates/main amd64 systemd-timesyncd amd64 245.4-4ubuntu3.22 [28.1 kB]
Get:14 http://archive.ubuntu.com/ubuntu focal-updates/main amd64 systemd amd64 245.4-4ubuntu3.22 [3811 kB]
Get:15 http://archive.ubuntu.com/ubuntu focal-updates/main amd64 systemd-sysv amd64 245.4-4ubuntu3.22 [10.3 kB]
Get:16 http://archive.ubuntu.com/ubuntu focal-updates/main amd64 openssl amd64 1.1.1f-1ubuntu2.19 [621 kB]
Get:17 http://archive.ubuntu.com/ubuntu focal-updates/main amd64 ca-certificates all 20230311ubuntu0.20.04.1 [152 kB]
Get:18 http://archive.ubuntu.com/ubuntu focal-updates/main amd64 libdbus-1-3 amd64 1.12.16-2ubuntu2.3 [179 kB]
Get:19 http://archive.ubuntu.com/ubuntu focal-updates/main amd64 dbus amd64 1.12.16-2ubuntu2.3 [151 kB]
Get:20 http://archive.ubuntu.com/ubuntu focal-updates/main amd64 distro-info-data all 0.43ubuntu1.13 [4836 B]
Get:21 http://archive.ubuntu.com/ubuntu focal/main amd64 dmsetup amd64 2:1.02.167-1ubuntu1 [75.6 kB]
Get:22 http://archive.ubuntu.com/ubuntu focal-updates/main amd64 libglib2.0-0 amd64 2.64.6-1~ubuntu20.04.6 [1289 kB]
Get:23 http://archive.ubuntu.com/ubuntu focal-updates/main amd64 libgirepository-1.0-1 amd64 1.64.1-1~ubuntu20.04.1 [85.7 kB]
Get:24 http://archive.ubuntu.com/ubuntu focal-updates/main amd64 gir1.2-glib-2.0 amd64 1.64.1-1~ubuntu20.04.1 [134 kB]
Get:25 http://archive.ubuntu.com/ubuntu focal-updates/main amd64 libelf1 amd64 0.176-1.1ubuntu0.1 [44.2 kB]
Get:26 http://archive.ubuntu.com/ubuntu focal-updates/main amd64 libglib2.0-data all 2.64.6-1~ubuntu20.04.6 [6032 B]
Get:27 http://archive.ubuntu.com/ubuntu focal-updates/main amd64 tzdata all 2023c-0ubuntu0.20.04.2 [301 kB]
Get:28 http://archive.ubuntu.com/ubuntu focal-updates/main amd64 libicu66 amd64 66.1-2ubuntu2.1 [8515 kB]
Get:29 http://archive.ubuntu.com/ubuntu focal-updates/main amd64 libnss-systemd amd64 245.4-4ubuntu3.22 [95.8 kB]
Get:30 http://archive.ubuntu.com/ubuntu focal-updates/main amd64 libpam-systemd amd64 245.4-4ubuntu3.22 [186 kB]
Get:31 http://archive.ubuntu.com/ubuntu focal-updates/main amd64 libxml2 amd64 2.9.10+dfsg-5ubuntu0.20.04.6 [640 kB]
Get:32 http://archive.ubuntu.com/ubuntu focal/main amd64 libyaml-0-2 amd64 0.2.2-1 [48.9 kB]
Get:33 http://archive.ubuntu.com/ubuntu focal/main amd64 lsb-release all 11.1.0ubuntu2 [10.6 kB]
Get:34 http://archive.ubuntu.com/ubuntu focal/main amd64 python3-dbus amd64 1.2.16-1build1 [94.0 kB]
Get:35 http://archive.ubuntu.com/ubuntu focal/main amd64 python3-gi amd64 3.36.0-1 [165 kB]
Get:36 http://archive.ubuntu.com/ubuntu focal-updates/main amd64 networkd-dispatcher all 2.1-2~ubuntu20.04.3 [15.5 kB]
Get:37 http://archive.ubuntu.com/ubuntu focal-updates/main amd64 python3-pkg-resources all 45.2.0-1ubuntu0.1 [130 kB]
Get:38 http://archive.ubuntu.com/ubuntu focal/main amd64 python3-six all 1.14.0-2 [12.1 kB]
Get:39 http://archive.ubuntu.com/ubuntu focal/main amd64 shared-mime-info amd64 1.15-1 [430 kB]
Get:40 http://archive.ubuntu.com/ubuntu focal/main amd64 ucf all 3.0038+nmu1 [51.6 kB]
Get:41 http://archive.ubuntu.com/ubuntu focal/main amd64 xdg-user-dirs amd64 0.17-2ubuntu1 [48.3 kB]
Get:42 http://archive.ubuntu.com/ubuntu focal/main amd64 iso-codes all 4.4-1 [2695 kB]
Get:43 http://archive.ubuntu.com/ubuntu focal-updates/main amd64 krb5-locales all 1.17-6ubuntu4.3 [11.6 kB]
Get:44 http://archive.ubuntu.com/ubuntu focal-updates/main amd64 libkrb5support0 amd64 1.17-6ubuntu4.3 [31.1 kB]
Get:45 http://archive.ubuntu.com/ubuntu focal-updates/main amd64 libk5crypto3 amd64 1.17-6ubuntu4.3 [80.2 kB]
Get:46 http://archive.ubuntu.com/ubuntu focal-updates/main amd64 libkeyutils1 amd64 1.6-6ubuntu1.1 [10.3 kB]
Get:47 http://archive.ubuntu.com/ubuntu focal-updates/main amd64 libkrb5-3 amd64 1.17-6ubuntu4.3 [330 kB]
Get:48 http://archive.ubuntu.com/ubuntu focal-updates/main amd64 libgssapi-krb5-2 amd64 1.17-6ubuntu4.3 [121 kB]
Get:49 http://archive.ubuntu.com/ubuntu focal/main amd64 liblmdb0 amd64 0.9.24-1 [44.6 kB]
Get:50 http://archive.ubuntu.com/ubuntu focal-updates/main amd64 libpolkit-gobject-1-0 amd64 0.105-26ubuntu1.3 [39.2 kB]
Get:51 http://archive.ubuntu.com/ubuntu focal/main amd64 libpsl5 amd64 0.21.0-1ubuntu1 [51.5 kB]
Get:52 http://archive.ubuntu.com/ubuntu focal/main amd64 publicsuffix all 20200303.0012-1 [111 kB]
Get:53 http://archive.ubuntu.com/ubuntu focal-updates/main amd64 python-apt-common all 2.0.1ubuntu0.20.04.1 [16.5 kB]
Get:54 http://archive.ubuntu.com/ubuntu focal-updates/main amd64 python3-apt amd64 2.0.1ubuntu0.20.04.1 [154 kB]
Get:55 http://archive.ubuntu.com/ubuntu focal-updates/main amd64 python3-distro-info all 0.23ubuntu1.1 [5944 B]
Get:56 http://archive.ubuntu.com/ubuntu focal-updates/main amd64 dbus-user-session amd64 1.12.16-2ubuntu2.3 [9424 B]
Get:57 http://archive.ubuntu.com/ubuntu focal/main amd64 libdconf1 amd64 0.36.0-1 [37.4 kB]
Get:58 http://archive.ubuntu.com/ubuntu focal/main amd64 dconf-service amd64 0.36.0-1 [29.8 kB]
Get:59 http://archive.ubuntu.com/ubuntu focal/main amd64 dconf-gsettings-backend amd64 0.36.0-1 [22.5 kB]
Get:60 http://archive.ubuntu.com/ubuntu focal/main amd64 libassuan0 amd64 2.5.3-7ubuntu2 [35.7 kB]
Get:61 http://archive.ubuntu.com/ubuntu focal-updates/main amd64 gpgconf amd64 2.2.19-3ubuntu2.2 [124 kB]
Get:62 http://archive.ubuntu.com/ubuntu focal-updates/main amd64 libksba8 amd64 1.3.5-2ubuntu0.20.04.2 [95.2 kB]
Get:63 http://archive.ubuntu.com/ubuntu focal-updates/main amd64 libroken18-heimdal amd64 7.7.0+dfsg-1ubuntu1.4 [42.5 kB]
Get:64 http://archive.ubuntu.com/ubuntu focal-updates/main amd64 libasn1-8-heimdal amd64 7.7.0+dfsg-1ubuntu1.4 [181 kB]
Get:65 http://archive.ubuntu.com/ubuntu focal-updates/main amd64 libheimbase1-heimdal amd64 7.7.0+dfsg-1ubuntu1.4 [30.4 kB]
Get:66 http://archive.ubuntu.com/ubuntu focal-updates/main amd64 libhcrypto4-heimdal amd64 7.7.0+dfsg-1ubuntu1.4 [88.1 kB]
Get:67 http://archive.ubuntu.com/ubuntu focal-updates/main amd64 libwind0-heimdal amd64 7.7.0+dfsg-1ubuntu1.4 [47.7 kB]
Get:68 http://archive.ubuntu.com/ubuntu focal-updates/main amd64 libhx509-5-heimdal amd64 7.7.0+dfsg-1ubuntu1.4 [107 kB]
Get:69 http://archive.ubuntu.com/ubuntu focal-updates/main amd64 libkrb5-26-heimdal amd64 7.7.0+dfsg-1ubuntu1.4 [207 kB]
Get:70 http://archive.ubuntu.com/ubuntu focal-updates/main amd64 libheimntlm0-heimdal amd64 7.7.0+dfsg-1ubuntu1.4 [15.1 kB]
Get:71 http://archive.ubuntu.com/ubuntu focal-updates/main amd64 libgssapi3-heimdal amd64 7.7.0+dfsg-1ubuntu1.4 [96.5 kB]
Get:72 http://archive.ubuntu.com/ubuntu focal-updates/main amd64 libsasl2-modules-db amd64 2.1.27+dfsg-2ubuntu0.1 [14.7 kB]
Get:73 http://archive.ubuntu.com/ubuntu focal-updates/main amd64 libsasl2-2 amd64 2.1.27+dfsg-2ubuntu0.1 [49.3 kB]
Get:74 http://archive.ubuntu.com/ubuntu focal-updates/main amd64 libldap-common all 2.4.49+dfsg-2ubuntu1.9 [16.6 kB]
Get:75 http://archive.ubuntu.com/ubuntu focal-updates/main amd64 libldap-2.4-2 amd64 2.4.49+dfsg-2ubuntu1.9 [155 kB]
Get:76 http://archive.ubuntu.com/ubuntu focal/main amd64 libnpth0 amd64 1.6-1 [7736 B]
Get:77 http://archive.ubuntu.com/ubuntu focal-updates/main amd64 dirmngr amd64 2.2.19-3ubuntu2.2 [330 kB]
Get:78 http://archive.ubuntu.com/ubuntu focal-updates/main amd64 libpackagekit-glib2-18 amd64 1.1.13-2ubuntu1.1 [104 kB]
Get:79 http://archive.ubuntu.com/ubuntu focal-updates/main amd64 gir1.2-packagekitglib-1.0 amd64 1.1.13-2ubuntu1.1 [21.6 kB]
Get:80 http://archive.ubuntu.com/ubuntu focal-updates/main amd64 libproxy1v5 amd64 0.4.15-10ubuntu1.2 [49.1 kB]
Get:81 http://archive.ubuntu.com/ubuntu focal-updates/main amd64 glib-networking-common all 2.64.2-1ubuntu0.1 [5040 B]
Get:82 http://archive.ubuntu.com/ubuntu focal-updates/main amd64 glib-networking-services amd64 2.64.2-1ubuntu0.1 [10.6 kB]
Get:83 http://archive.ubuntu.com/ubuntu focal/main amd64 gsettings-desktop-schemas all 3.36.0-1ubuntu1 [29.0 kB]
Get:84 http://archive.ubuntu.com/ubuntu focal-updates/main amd64 glib-networking amd64 2.64.2-1ubuntu0.1 [58.2 kB]
Get:85 http://archive.ubuntu.com/ubuntu focal-updates/main amd64 gnupg-l10n all 2.2.19-3ubuntu2.2 [51.7 kB]
Get:86 http://archive.ubuntu.com/ubuntu focal-updates/main amd64 gnupg-utils amd64 2.2.19-3ubuntu2.2 [481 kB]
Get:87 http://archive.ubuntu.com/ubuntu focal-updates/main amd64 gpg amd64 2.2.19-3ubuntu2.2 [482 kB]
Get:88 http://archive.ubuntu.com/ubuntu focal/main amd64 pinentry-curses amd64 1.1.0-3build1 [36.3 kB]
Get:89 http://archive.ubuntu.com/ubuntu focal-updates/main amd64 gpg-agent amd64 2.2.19-3ubuntu2.2 [232 kB]
Get:90 http://archive.ubuntu.com/ubuntu focal-updates/main amd64 gpg-wks-client amd64 2.2.19-3ubuntu2.2 [97.4 kB]
Get:91 http://archive.ubuntu.com/ubuntu focal-updates/main amd64 gpg-wks-server amd64 2.2.19-3ubuntu2.2 [90.2 kB]
Get:92 http://archive.ubuntu.com/ubuntu focal-updates/main amd64 gpgsm amd64 2.2.19-3ubuntu2.2 [217 kB]
Get:93 http://archive.ubuntu.com/ubuntu focal-updates/main amd64 gnupg all 2.2.19-3ubuntu2.2 [259 kB]
Get:94 http://archive.ubuntu.com/ubuntu focal-updates/main amd64 libbrotli1 amd64 1.0.7-6ubuntu0.1 [267 kB]
Get:95 http://archive.ubuntu.com/ubuntu focal/main amd64 libsoup2.4-1 amd64 2.70.0-1 [262 kB]
Get:96 http://archive.ubuntu.com/ubuntu focal/main amd64 libstemmer0d amd64 0+svn585-2 [61.7 kB]
Get:97 http://archive.ubuntu.com/ubuntu focal/main amd64 libappstream4 amd64 0.12.10-2 [129 kB]
Get:98 http://archive.ubuntu.com/ubuntu focal-updates/main amd64 libglib2.0-bin amd64 2.64.6-1~ubuntu20.04.6 [72.9 kB]
Get:99 http://archive.ubuntu.com/ubuntu focal-updates/main amd64 libgstreamer1.0-0 amd64 1.16.3-0ubuntu1.1 [894 kB]
Get:100 http://archive.ubuntu.com/ubuntu focal-updates/main amd64 libpolkit-agent-1-0 amd64 0.105-26ubuntu1.3 [15.2 kB]
Get:101 http://archive.ubuntu.com/ubuntu focal-updates/main amd64 libsasl2-modules amd64 2.1.27+dfsg-2ubuntu0.1 [48.8 kB]
Get:102 http://archive.ubuntu.com/ubuntu focal-updates/main amd64 policykit-1 amd64 0.105-26ubuntu1.3 [84.1 kB]
Get:103 http://archive.ubuntu.com/ubuntu focal-updates/main amd64 packagekit amd64 1.1.13-2ubuntu1.1 [408 kB]
Get:104 http://archive.ubuntu.com/ubuntu focal-updates/main amd64 packagekit-tools amd64 1.1.13-2ubuntu1.1 [32.8 kB]
Get:105 http://archive.ubuntu.com/ubuntu focal/main amd64 python3-certifi all 2019.11.28-1 [149 kB]
Get:106 http://archive.ubuntu.com/ubuntu focal/main amd64 python3-chardet all 3.0.4-4build1 [80.4 kB]
Get:107 http://archive.ubuntu.com/ubuntu focal/main amd64 python3-idna all 2.8-1 [34.6 kB]
Get:108 http://archive.ubuntu.com/ubuntu focal-updates/main amd64 python3-urllib3 all 1.25.8-2ubuntu0.2 [88.4 kB]
Get:109 http://archive.ubuntu.com/ubuntu focal-updates/main amd64 python3-requests all 2.22.0-2ubuntu1.1 [47.2 kB]
Get:110 http://archive.ubuntu.com/ubuntu focal/main amd64 python3-requests-unixsocket all 0.2.0-2 [7272 B]
Get:111 http://archive.ubuntu.com/ubuntu focal-updates/main amd64 python3-software-properties all 0.99.9.12 [21.7 kB]
Get:112 http://archive.ubuntu.com/ubuntu focal-updates/main amd64 software-properties-common all 0.99.9.12 [10.4 kB]
Get:113 http://archive.ubuntu.com/ubuntu focal-updates/main amd64 unattended-upgrades all 2.3ubuntu0.3 [48.5 kB]
Fetched 30.6 MB in 2s (16.1 MB/s)
debconf: delaying package configuration, since apt-utils is not installed
Selecting previously unselected package python3.8-minimal.
(Reading database ... 7321 files and directories currently installed.)
Preparing to unpack .../python3.8-minimal_3.8.10-0ubuntu1~20.04.8_amd64.deb ...
Unpacking python3.8-minimal (3.8.10-0ubuntu1~20.04.8) ...
Setting up python3.8-minimal (3.8.10-0ubuntu1~20.04.8) ...
Selecting previously unselected package python3-minimal.
(Reading database ... 7330 files and directories currently installed.)
Preparing to unpack .../python3-minimal_3.8.2-0ubuntu2_amd64.deb ...
Unpacking python3-minimal (3.8.2-0ubuntu2) ...
Selecting previously unselected package python3.8.
Preparing to unpack .../python3.8_3.8.10-0ubuntu1~20.04.8_amd64.deb ...
Unpacking python3.8 (3.8.10-0ubuntu1~20.04.8) ...
Selecting previously unselected package libpython3-stdlib:amd64.
Preparing to unpack .../libpython3-stdlib_3.8.2-0ubuntu2_amd64.deb ...
Unpacking libpython3-stdlib:amd64 (3.8.2-0ubuntu2) ...
Setting up python3-minimal (3.8.2-0ubuntu2) ...
Selecting previously unselected package python3.
(Reading database ... 7375 files and directories currently installed.)
Preparing to unpack .../0-python3_3.8.2-0ubuntu2_amd64.deb ...
Unpacking python3 (3.8.2-0ubuntu2) ...
Selecting previously unselected package libapparmor1:amd64.
Preparing to unpack .../1-libapparmor1_2.13.3-7ubuntu5.2_amd64.deb ...
Unpacking libapparmor1:amd64 (2.13.3-7ubuntu5.2) ...
Selecting previously unselected package libargon2-1:amd64.
Preparing to unpack .../2-libargon2-1_0~20171227-0.2_amd64.deb ...
Unpacking libargon2-1:amd64 (0~20171227-0.2) ...
Selecting previously unselected package libdevmapper1.02.1:amd64.
Preparing to unpack .../3-libdevmapper1.02.1_2%3a1.02.167-1ubuntu1_amd64.deb ...
Unpacking libdevmapper1.02.1:amd64 (2:1.02.167-1ubuntu1) ...
Selecting previously unselected package libjson-c4:amd64.
Preparing to unpack .../4-libjson-c4_0.13.1+dfsg-7ubuntu0.3_amd64.deb ...
Unpacking libjson-c4:amd64 (0.13.1+dfsg-7ubuntu0.3) ...
Selecting previously unselected package libcryptsetup12:amd64.
Preparing to unpack .../5-libcryptsetup12_2%3a2.2.2-3ubuntu2.4_amd64.deb ...
Unpacking libcryptsetup12:amd64 (2:2.2.2-3ubuntu2.4) ...
Selecting previously unselected package libip4tc2:amd64.
Preparing to unpack .../6-libip4tc2_1.8.4-3ubuntu2.1_amd64.deb ...
Unpacking libip4tc2:amd64 (1.8.4-3ubuntu2.1) ...
Selecting previously unselected package libkmod2:amd64.
Preparing to unpack .../7-libkmod2_27-1ubuntu2.1_amd64.deb ...
Unpacking libkmod2:amd64 (27-1ubuntu2.1) ...
Selecting previously unselected package systemd-timesyncd.
Preparing to unpack .../8-systemd-timesyncd_245.4-4ubuntu3.22_amd64.deb ...
Unpacking systemd-timesyncd (245.4-4ubuntu3.22) ...
Selecting previously unselected package systemd.
Preparing to unpack .../9-systemd_245.4-4ubuntu3.22_amd64.deb ...
Unpacking systemd (245.4-4ubuntu3.22) ...
Setting up libapparmor1:amd64 (2.13.3-7ubuntu5.2) ...
Setting up libargon2-1:amd64 (0~20171227-0.2) ...
Setting up libdevmapper1.02.1:amd64 (2:1.02.167-1ubuntu1) ...
Setting up libjson-c4:amd64 (0.13.1+dfsg-7ubuntu0.3) ...
Setting up libcryptsetup12:amd64 (2:2.2.2-3ubuntu2.4) ...
Setting up libip4tc2:amd64 (1.8.4-3ubuntu2.1) ...
Setting up libkmod2:amd64 (27-1ubuntu2.1) ...
Setting up systemd-timesyncd (245.4-4ubuntu3.22) ...
Created symlink /etc/systemd/system/dbus-org.freedesktop.timesync1.service → /lib/systemd/system/systemd-timesyncd.service.
Created symlink /etc/systemd/system/sysinit.target.wants/systemd-timesyncd.service → /lib/systemd/system/systemd-timesyncd.service.
Setting up systemd (245.4-4ubuntu3.22) ...
Created symlink /etc/systemd/system/getty.target.wants/getty@tty1.service → /lib/systemd/system/getty@.service.
Created symlink /etc/systemd/system/multi-user.target.wants/remote-fs.target → /lib/systemd/system/remote-fs.target.
Created symlink /etc/systemd/system/dbus-org.freedesktop.resolve1.service → /lib/systemd/system/systemd-resolved.service.
Created symlink /etc/systemd/system/multi-user.target.wants/systemd-resolved.service → /lib/systemd/system/systemd-resolved.service.
ln: failed to create symbolic link '/etc/resolv.conf': Device or resource busy
Created symlink /etc/systemd/system/multi-user.target.wants/ondemand.service → /lib/systemd/system/ondemand.service.
Created symlink /etc/systemd/system/sysinit.target.wants/systemd-pstore.service → /lib/systemd/system/systemd-pstore.service.
Initializing machine ID from random generator.
Selecting previously unselected package systemd-sysv.
(Reading database ... 8206 files and directories currently installed.)
Preparing to unpack .../00-systemd-sysv_245.4-4ubuntu3.22_amd64.deb ...
Unpacking systemd-sysv (245.4-4ubuntu3.22) ...
Selecting previously unselected package openssl.
Preparing to unpack .../01-openssl_1.1.1f-1ubuntu2.19_amd64.deb ...
Unpacking openssl (1.1.1f-1ubuntu2.19) ...
Selecting previously unselected package ca-certificates.
Preparing to unpack .../02-ca-certificates_20230311ubuntu0.20.04.1_all.deb ...
Unpacking ca-certificates (20230311ubuntu0.20.04.1) ...
Selecting previously unselected package libdbus-1-3:amd64.
Preparing to unpack .../03-libdbus-1-3_1.12.16-2ubuntu2.3_amd64.deb ...
Unpacking libdbus-1-3:amd64 (1.12.16-2ubuntu2.3) ...
Selecting previously unselected package dbus.
Preparing to unpack .../04-dbus_1.12.16-2ubuntu2.3_amd64.deb ...
Unpacking dbus (1.12.16-2ubuntu2.3) ...
Selecting previously unselected package distro-info-data.
Preparing to unpack .../05-distro-info-data_0.43ubuntu1.13_all.deb ...
Unpacking distro-info-data (0.43ubuntu1.13) ...
Selecting previously unselected package dmsetup.
Preparing to unpack .../06-dmsetup_2%3a1.02.167-1ubuntu1_amd64.deb ...
Unpacking dmsetup (2:1.02.167-1ubuntu1) ...
Selecting previously unselected package libglib2.0-0:amd64.
Preparing to unpack .../07-libglib2.0-0_2.64.6-1~ubuntu20.04.6_amd64.deb ...
Unpacking libglib2.0-0:amd64 (2.64.6-1~ubuntu20.04.6) ...
Selecting previously unselected package libgirepository-1.0-1:amd64.
Preparing to unpack .../08-libgirepository-1.0-1_1.64.1-1~ubuntu20.04.1_amd64.deb ...
Unpacking libgirepository-1.0-1:amd64 (1.64.1-1~ubuntu20.04.1) ...
Selecting previously unselected package gir1.2-glib-2.0:amd64.
Preparing to unpack .../09-gir1.2-glib-2.0_1.64.1-1~ubuntu20.04.1_amd64.deb ...
Unpacking gir1.2-glib-2.0:amd64 (1.64.1-1~ubuntu20.04.1) ...
Selecting previously unselected package libelf1:amd64.
Preparing to unpack .../10-libelf1_0.176-1.1ubuntu0.1_amd64.deb ...
Unpacking libelf1:amd64 (0.176-1.1ubuntu0.1) ...
Selecting previously unselected package libglib2.0-data.
Preparing to unpack .../11-libglib2.0-data_2.64.6-1~ubuntu20.04.6_all.deb ...
Unpacking libglib2.0-data (2.64.6-1~ubuntu20.04.6) ...
Selecting previously unselected package tzdata.
Preparing to unpack .../12-tzdata_2023c-0ubuntu0.20.04.2_all.deb ...
Unpacking tzdata (2023c-0ubuntu0.20.04.2) ...
Selecting previously unselected package libicu66:amd64.
Preparing to unpack .../13-libicu66_66.1-2ubuntu2.1_amd64.deb ...
Unpacking libicu66:amd64 (66.1-2ubuntu2.1) ...
Selecting previously unselected package libnss-systemd:amd64.
Preparing to unpack .../14-libnss-systemd_245.4-4ubuntu3.22_amd64.deb ...
Unpacking libnss-systemd:amd64 (245.4-4ubuntu3.22) ...
Selecting previously unselected package libpam-systemd:amd64.
Preparing to unpack .../15-libpam-systemd_245.4-4ubuntu3.22_amd64.deb ...
Unpacking libpam-systemd:amd64 (245.4-4ubuntu3.22) ...
Selecting previously unselected package libxml2:amd64.
Preparing to unpack .../16-libxml2_2.9.10+dfsg-5ubuntu0.20.04.6_amd64.deb ...
Unpacking libxml2:amd64 (2.9.10+dfsg-5ubuntu0.20.04.6) ...
Selecting previously unselected package libyaml-0-2:amd64.
Preparing to unpack .../17-libyaml-0-2_0.2.2-1_amd64.deb ...
Unpacking libyaml-0-2:amd64 (0.2.2-1) ...
Selecting previously unselected package lsb-release.
Preparing to unpack .../18-lsb-release_11.1.0ubuntu2_all.deb ...
Unpacking lsb-release (11.1.0ubuntu2) ...
Selecting previously unselected package python3-dbus.
Preparing to unpack .../19-python3-dbus_1.2.16-1build1_amd64.deb ...
Unpacking python3-dbus (1.2.16-1build1) ...
Selecting previously unselected package python3-gi.
Preparing to unpack .../20-python3-gi_3.36.0-1_amd64.deb ...
Unpacking python3-gi (3.36.0-1) ...
Selecting previously unselected package networkd-dispatcher.
Preparing to unpack .../21-networkd-dispatcher_2.1-2~ubuntu20.04.3_all.deb ...
Unpacking networkd-dispatcher (2.1-2~ubuntu20.04.3) ...
Selecting previously unselected package python3-pkg-resources.
Preparing to unpack .../22-python3-pkg-resources_45.2.0-1ubuntu0.1_all.deb ...
Unpacking python3-pkg-resources (45.2.0-1ubuntu0.1) ...
Selecting previously unselected package python3-six.
Preparing to unpack .../23-python3-six_1.14.0-2_all.deb ...
Unpacking python3-six (1.14.0-2) ...
Selecting previously unselected package shared-mime-info.
Preparing to unpack .../24-shared-mime-info_1.15-1_amd64.deb ...
Unpacking shared-mime-info (1.15-1) ...
Selecting previously unselected package ucf.
Preparing to unpack .../25-ucf_3.0038+nmu1_all.deb ...
Moving old data out of the way
Unpacking ucf (3.0038+nmu1) ...
Selecting previously unselected package xdg-user-dirs.
Preparing to unpack .../26-xdg-user-dirs_0.17-2ubuntu1_amd64.deb ...
Unpacking xdg-user-dirs (0.17-2ubuntu1) ...
Selecting previously unselected package iso-codes.
Preparing to unpack .../27-iso-codes_4.4-1_all.deb ...
Unpacking iso-codes (4.4-1) ...
Selecting previously unselected package krb5-locales.
Preparing to unpack .../28-krb5-locales_1.17-6ubuntu4.3_all.deb ...
Unpacking krb5-locales (1.17-6ubuntu4.3) ...
Selecting previously unselected package libkrb5support0:amd64.
Preparing to unpack .../29-libkrb5support0_1.17-6ubuntu4.3_amd64.deb ...
Unpacking libkrb5support0:amd64 (1.17-6ubuntu4.3) ...
Selecting previously unselected package libk5crypto3:amd64.
Preparing to unpack .../30-libk5crypto3_1.17-6ubuntu4.3_amd64.deb ...
Unpacking libk5crypto3:amd64 (1.17-6ubuntu4.3) ...
Selecting previously unselected package libkeyutils1:amd64.
Preparing to unpack .../31-libkeyutils1_1.6-6ubuntu1.1_amd64.deb ...
Unpacking libkeyutils1:amd64 (1.6-6ubuntu1.1) ...
Selecting previously unselected package libkrb5-3:amd64.
Preparing to unpack .../32-libkrb5-3_1.17-6ubuntu4.3_amd64.deb ...
Unpacking libkrb5-3:amd64 (1.17-6ubuntu4.3) ...
Selecting previously unselected package libgssapi-krb5-2:amd64.
Preparing to unpack .../33-libgssapi-krb5-2_1.17-6ubuntu4.3_amd64.deb ...
Unpacking libgssapi-krb5-2:amd64 (1.17-6ubuntu4.3) ...
Selecting previously unselected package liblmdb0:amd64.
Preparing to unpack .../34-liblmdb0_0.9.24-1_amd64.deb ...
Unpacking liblmdb0:amd64 (0.9.24-1) ...
Selecting previously unselected package libpolkit-gobject-1-0:amd64.
Preparing to unpack .../35-libpolkit-gobject-1-0_0.105-26ubuntu1.3_amd64.deb ...
Unpacking libpolkit-gobject-1-0:amd64 (0.105-26ubuntu1.3) ...
Selecting previously unselected package libpsl5:amd64.
Preparing to unpack .../36-libpsl5_0.21.0-1ubuntu1_amd64.deb ...
Unpacking libpsl5:amd64 (0.21.0-1ubuntu1) ...
Selecting previously unselected package publicsuffix.
Preparing to unpack .../37-publicsuffix_20200303.0012-1_all.deb ...
Unpacking publicsuffix (20200303.0012-1) ...
Selecting previously unselected package python-apt-common.
Preparing to unpack .../38-python-apt-common_2.0.1ubuntu0.20.04.1_all.deb ...
Unpacking python-apt-common (2.0.1ubuntu0.20.04.1) ...
Selecting previously unselected package python3-apt.
Preparing to unpack .../39-python3-apt_2.0.1ubuntu0.20.04.1_amd64.deb ...
Unpacking python3-apt (2.0.1ubuntu0.20.04.1) ...
Selecting previously unselected package python3-distro-info.
Preparing to unpack .../40-python3-distro-info_0.23ubuntu1.1_all.deb ...
Unpacking python3-distro-info (0.23ubuntu1.1) ...
Selecting previously unselected package dbus-user-session.
Preparing to unpack .../41-dbus-user-session_1.12.16-2ubuntu2.3_amd64.deb ...
Unpacking dbus-user-session (1.12.16-2ubuntu2.3) ...
Selecting previously unselected package libdconf1:amd64.
Preparing to unpack .../42-libdconf1_0.36.0-1_amd64.deb ...
Unpacking libdconf1:amd64 (0.36.0-1) ...
Selecting previously unselected package dconf-service.
Preparing to unpack .../43-dconf-service_0.36.0-1_amd64.deb ...
Unpacking dconf-service (0.36.0-1) ...
Selecting previously unselected package dconf-gsettings-backend:amd64.
Preparing to unpack .../44-dconf-gsettings-backend_0.36.0-1_amd64.deb ...
Unpacking dconf-gsettings-backend:amd64 (0.36.0-1) ...
Selecting previously unselected package libassuan0:amd64.
Preparing to unpack .../45-libassuan0_2.5.3-7ubuntu2_amd64.deb ...
Unpacking libassuan0:amd64 (2.5.3-7ubuntu2) ...
Selecting previously unselected package gpgconf.
Preparing to unpack .../46-gpgconf_2.2.19-3ubuntu2.2_amd64.deb ...
Unpacking gpgconf (2.2.19-3ubuntu2.2) ...
Selecting previously unselected package libksba8:amd64.
Preparing to unpack .../47-libksba8_1.3.5-2ubuntu0.20.04.2_amd64.deb ...
Unpacking libksba8:amd64 (1.3.5-2ubuntu0.20.04.2) ...
Selecting previously unselected package libroken18-heimdal:amd64.
Preparing to unpack .../48-libroken18-heimdal_7.7.0+dfsg-1ubuntu1.4_amd64.deb ...
Unpacking libroken18-heimdal:amd64 (7.7.0+dfsg-1ubuntu1.4) ...
Selecting previously unselected package libasn1-8-heimdal:amd64.
Preparing to unpack .../49-libasn1-8-heimdal_7.7.0+dfsg-1ubuntu1.4_amd64.deb ...
Unpacking libasn1-8-heimdal:amd64 (7.7.0+dfsg-1ubuntu1.4) ...
Selecting previously unselected package libheimbase1-heimdal:amd64.
Preparing to unpack .../50-libheimbase1-heimdal_7.7.0+dfsg-1ubuntu1.4_amd64.deb ...
Unpacking libheimbase1-heimdal:amd64 (7.7.0+dfsg-1ubuntu1.4) ...
Selecting previously unselected package libhcrypto4-heimdal:amd64.
Preparing to unpack .../51-libhcrypto4-heimdal_7.7.0+dfsg-1ubuntu1.4_amd64.deb ...
Unpacking libhcrypto4-heimdal:amd64 (7.7.0+dfsg-1ubuntu1.4) ...
Selecting previously unselected package libwind0-heimdal:amd64.
Preparing to unpack .../52-libwind0-heimdal_7.7.0+dfsg-1ubuntu1.4_amd64.deb ...
Unpacking libwind0-heimdal:amd64 (7.7.0+dfsg-1ubuntu1.4) ...
Selecting previously unselected package libhx509-5-heimdal:amd64.
Preparing to unpack .../53-libhx509-5-heimdal_7.7.0+dfsg-1ubuntu1.4_amd64.deb ...
Unpacking libhx509-5-heimdal:amd64 (7.7.0+dfsg-1ubuntu1.4) ...
Selecting previously unselected package libkrb5-26-heimdal:amd64.
Preparing to unpack .../54-libkrb5-26-heimdal_7.7.0+dfsg-1ubuntu1.4_amd64.deb ...
Unpacking libkrb5-26-heimdal:amd64 (7.7.0+dfsg-1ubuntu1.4) ...
Selecting previously unselected package libheimntlm0-heimdal:amd64.
Preparing to unpack .../55-libheimntlm0-heimdal_7.7.0+dfsg-1ubuntu1.4_amd64.deb ...
Unpacking libheimntlm0-heimdal:amd64 (7.7.0+dfsg-1ubuntu1.4) ...
Selecting previously unselected package libgssapi3-heimdal:amd64.
Preparing to unpack .../56-libgssapi3-heimdal_7.7.0+dfsg-1ubuntu1.4_amd64.deb ...
Unpacking libgssapi3-heimdal:amd64 (7.7.0+dfsg-1ubuntu1.4) ...
Selecting previously unselected package libsasl2-modules-db:amd64.
Preparing to unpack .../57-libsasl2-modules-db_2.1.27+dfsg-2ubuntu0.1_amd64.deb ...
Unpacking libsasl2-modules-db:amd64 (2.1.27+dfsg-2ubuntu0.1) ...
Selecting previously unselected package libsasl2-2:amd64.
Preparing to unpack .../58-libsasl2-2_2.1.27+dfsg-2ubuntu0.1_amd64.deb ...
Unpacking libsasl2-2:amd64 (2.1.27+dfsg-2ubuntu0.1) ...
Selecting previously unselected package libldap-common.
Preparing to unpack .../59-libldap-common_2.4.49+dfsg-2ubuntu1.9_all.deb ...
Unpacking libldap-common (2.4.49+dfsg-2ubuntu1.9) ...
Selecting previously unselected package libldap-2.4-2:amd64.
Preparing to unpack .../60-libldap-2.4-2_2.4.49+dfsg-2ubuntu1.9_amd64.deb ...
Unpacking libldap-2.4-2:amd64 (2.4.49+dfsg-2ubuntu1.9) ...
Selecting previously unselected package libnpth0:amd64.
Preparing to unpack .../61-libnpth0_1.6-1_amd64.deb ...
Unpacking libnpth0:amd64 (1.6-1) ...
Selecting previously unselected package dirmngr.
Preparing to unpack .../62-dirmngr_2.2.19-3ubuntu2.2_amd64.deb ...
Unpacking dirmngr (2.2.19-3ubuntu2.2) ...
Selecting previously unselected package libpackagekit-glib2-18:amd64.
Preparing to unpack .../63-libpackagekit-glib2-18_1.1.13-2ubuntu1.1_amd64.deb ...
Unpacking libpackagekit-glib2-18:amd64 (1.1.13-2ubuntu1.1) ...
Selecting previously unselected package gir1.2-packagekitglib-1.0.
Preparing to unpack .../64-gir1.2-packagekitglib-1.0_1.1.13-2ubuntu1.1_amd64.deb ...
Unpacking gir1.2-packagekitglib-1.0 (1.1.13-2ubuntu1.1) ...
Selecting previously unselected package libproxy1v5:amd64.
Preparing to unpack .../65-libproxy1v5_0.4.15-10ubuntu1.2_amd64.deb ...
Unpacking libproxy1v5:amd64 (0.4.15-10ubuntu1.2) ...
Selecting previously unselected package glib-networking-common.
Preparing to unpack .../66-glib-networking-common_2.64.2-1ubuntu0.1_all.deb ...
Unpacking glib-networking-common (2.64.2-1ubuntu0.1) ...
Selecting previously unselected package glib-networking-services.
Preparing to unpack .../67-glib-networking-services_2.64.2-1ubuntu0.1_amd64.deb ...
Unpacking glib-networking-services (2.64.2-1ubuntu0.1) ...
Selecting previously unselected package gsettings-desktop-schemas.
Preparing to unpack .../68-gsettings-desktop-schemas_3.36.0-1ubuntu1_all.deb ...
Unpacking gsettings-desktop-schemas (3.36.0-1ubuntu1) ...
Selecting previously unselected package glib-networking:amd64.
Preparing to unpack .../69-glib-networking_2.64.2-1ubuntu0.1_amd64.deb ...
Unpacking glib-networking:amd64 (2.64.2-1ubuntu0.1) ...
Selecting previously unselected package gnupg-l10n.
Preparing to unpack .../70-gnupg-l10n_2.2.19-3ubuntu2.2_all.deb ...
Unpacking gnupg-l10n (2.2.19-3ubuntu2.2) ...
Selecting previously unselected package gnupg-utils.
Preparing to unpack .../71-gnupg-utils_2.2.19-3ubuntu2.2_amd64.deb ...
Unpacking gnupg-utils (2.2.19-3ubuntu2.2) ...
Selecting previously unselected package gpg.
Preparing to unpack .../72-gpg_2.2.19-3ubuntu2.2_amd64.deb ...
Unpacking gpg (2.2.19-3ubuntu2.2) ...
Selecting previously unselected package pinentry-curses.
Preparing to unpack .../73-pinentry-curses_1.1.0-3build1_amd64.deb ...
Unpacking pinentry-curses (1.1.0-3build1) ...
Selecting previously unselected package gpg-agent.
Preparing to unpack .../74-gpg-agent_2.2.19-3ubuntu2.2_amd64.deb ...
Unpacking gpg-agent (2.2.19-3ubuntu2.2) ...
Selecting previously unselected package gpg-wks-client.
Preparing to unpack .../75-gpg-wks-client_2.2.19-3ubuntu2.2_amd64.deb ...
Unpacking gpg-wks-client (2.2.19-3ubuntu2.2) ...
Selecting previously unselected package gpg-wks-server.
Preparing to unpack .../76-gpg-wks-server_2.2.19-3ubuntu2.2_amd64.deb ...
Unpacking gpg-wks-server (2.2.19-3ubuntu2.2) ...
Selecting previously unselected package gpgsm.
Preparing to unpack .../77-gpgsm_2.2.19-3ubuntu2.2_amd64.deb ...
Unpacking gpgsm (2.2.19-3ubuntu2.2) ...
Selecting previously unselected package gnupg.
Preparing to unpack .../78-gnupg_2.2.19-3ubuntu2.2_all.deb ...
Unpacking gnupg (2.2.19-3ubuntu2.2) ...
Selecting previously unselected package libbrotli1:amd64.
Preparing to unpack .../79-libbrotli1_1.0.7-6ubuntu0.1_amd64.deb ...
Unpacking libbrotli1:amd64 (1.0.7-6ubuntu0.1) ...
Selecting previously unselected package libsoup2.4-1:amd64.
Preparing to unpack .../80-libsoup2.4-1_2.70.0-1_amd64.deb ...
Unpacking libsoup2.4-1:amd64 (2.70.0-1) ...
Selecting previously unselected package libstemmer0d:amd64.
Preparing to unpack .../81-libstemmer0d_0+svn585-2_amd64.deb ...
Unpacking libstemmer0d:amd64 (0+svn585-2) ...
Selecting previously unselected package libappstream4:amd64.
Preparing to unpack .../82-libappstream4_0.12.10-2_amd64.deb ...
Unpacking libappstream4:amd64 (0.12.10-2) ...
Selecting previously unselected package libglib2.0-bin.
Preparing to unpack .../83-libglib2.0-bin_2.64.6-1~ubuntu20.04.6_amd64.deb ...
Unpacking libglib2.0-bin (2.64.6-1~ubuntu20.04.6) ...
Selecting previously unselected package libgstreamer1.0-0:amd64.
Preparing to unpack .../84-libgstreamer1.0-0_1.16.3-0ubuntu1.1_amd64.deb ...
Unpacking libgstreamer1.0-0:amd64 (1.16.3-0ubuntu1.1) ...
Selecting previously unselected package libpolkit-agent-1-0:amd64.
Preparing to unpack .../85-libpolkit-agent-1-0_0.105-26ubuntu1.3_amd64.deb ...
Unpacking libpolkit-agent-1-0:amd64 (0.105-26ubuntu1.3) ...
Selecting previously unselected package libsasl2-modules:amd64.
Preparing to unpack .../86-libsasl2-modules_2.1.27+dfsg-2ubuntu0.1_amd64.deb ...
Unpacking libsasl2-modules:amd64 (2.1.27+dfsg-2ubuntu0.1) ...
Selecting previously unselected package policykit-1.
Preparing to unpack .../87-policykit-1_0.105-26ubuntu1.3_amd64.deb ...
Unpacking policykit-1 (0.105-26ubuntu1.3) ...
Selecting previously unselected package packagekit.
Preparing to unpack .../88-packagekit_1.1.13-2ubuntu1.1_amd64.deb ...
Unpacking packagekit (1.1.13-2ubuntu1.1) ...
Selecting previously unselected package packagekit-tools.
Preparing to unpack .../89-packagekit-tools_1.1.13-2ubuntu1.1_amd64.deb ...
Unpacking packagekit-tools (1.1.13-2ubuntu1.1) ...
Selecting previously unselected package python3-certifi.
Preparing to unpack .../90-python3-certifi_2019.11.28-1_all.deb ...
Unpacking python3-certifi (2019.11.28-1) ...
Selecting previously unselected package python3-chardet.
Preparing to unpack .../91-python3-chardet_3.0.4-4build1_all.deb ...
Unpacking python3-chardet (3.0.4-4build1) ...
Selecting previously unselected package python3-idna.
Preparing to unpack .../92-python3-idna_2.8-1_all.deb ...
Unpacking python3-idna (2.8-1) ...
Selecting previously unselected package python3-urllib3.
Preparing to unpack .../93-python3-urllib3_1.25.8-2ubuntu0.2_all.deb ...
Unpacking python3-urllib3 (1.25.8-2ubuntu0.2) ...
Selecting previously unselected package python3-requests.
Preparing to unpack .../94-python3-requests_2.22.0-2ubuntu1.1_all.deb ...
Unpacking python3-requests (2.22.0-2ubuntu1.1) ...
Selecting previously unselected package python3-requests-unixsocket.
Preparing to unpack .../95-python3-requests-unixsocket_0.2.0-2_all.deb ...
Unpacking python3-requests-unixsocket (0.2.0-2) ...
Selecting previously unselected package python3-software-properties.
Preparing to unpack .../96-python3-software-properties_0.99.9.12_all.deb ...
Unpacking python3-software-properties (0.99.9.12) ...
Selecting previously unselected package software-properties-common.
Preparing to unpack .../97-software-properties-common_0.99.9.12_all.deb ...
Unpacking software-properties-common (0.99.9.12) ...
Selecting previously unselected package unattended-upgrades.
Preparing to unpack .../98-unattended-upgrades_2.3ubuntu0.3_all.deb ...
Unpacking unattended-upgrades (2.3ubuntu0.3) ...
Setting up libksba8:amd64 (1.3.5-2ubuntu0.20.04.2) ...
Setting up liblmdb0:amd64 (0.9.24-1) ...
Setting up systemd-sysv (245.4-4ubuntu3.22) ...
Setting up libkeyutils1:amd64 (1.6-6ubuntu1.1) ...
Setting up libproxy1v5:amd64 (0.4.15-10ubuntu1.2) ...
Setting up libpsl5:amd64 (0.21.0-1ubuntu1) ...
Setting up xdg-user-dirs (0.17-2ubuntu1) ...
Setting up libyaml-0-2:amd64 (0.2.2-1) ...
Setting up libglib2.0-0:amd64 (2.64.6-1~ubuntu20.04.6) ...
Setting up distro-info-data (0.43ubuntu1.13) ...
Setting up libbrotli1:amd64 (1.0.7-6ubuntu0.1) ...
Setting up libsasl2-modules:amd64 (2.1.27+dfsg-2ubuntu0.1) ...
Setting up libpackagekit-glib2-18:amd64 (1.1.13-2ubuntu1.1) ...
Setting up libnss-systemd:amd64 (245.4-4ubuntu3.22) ...
First installation detected...
Checking NSS setup...
Setting up libnpth0:amd64 (1.6-1) ...
Setting up krb5-locales (1.17-6ubuntu4.3) ...
Setting up libassuan0:amd64 (2.5.3-7ubuntu2) ...
Setting up libldap-common (2.4.49+dfsg-2ubuntu1.9) ...
Setting up libkrb5support0:amd64 (1.17-6ubuntu4.3) ...
Setting up libsasl2-modules-db:amd64 (2.1.27+dfsg-2ubuntu0.1) ...
Setting up tzdata (2023c-0ubuntu0.20.04.2) ...
debconf: unable to initialize frontend: Dialog
debconf: (No usable dialog-like program is installed, so the dialog based frontend cannot be used. at /usr/share/perl5/Debconf/FrontEnd/Dialog.pm line 76.)
debconf: falling back to frontend: Readline
debconf: unable to initialize frontend: Readline
debconf: (Can't locate Term/ReadLine.pm in @INC (you may need to install the Term::ReadLine module) (@INC contains: /etc/perl /usr/local/lib/x86_64-linux-gnu/perl/5.30.0 /usr/local/share/perl/5.30.0 /usr/lib/x86_64-linux-gnu/perl5/5.30 /usr/share/perl5 /usr/lib/x86_64-linux-gnu/perl/5.30 /usr/share/perl/5.30 /usr/local/lib/site_perl /usr/lib/x86_64-linux-gnu/perl-base) at /usr/share/perl5/Debconf/FrontEnd/Readline.pm line 7.)
debconf: falling back to frontend: Teletype
Configuring tzdata
------------------

Please select the geographic area in which you live. Subsequent configuration questions will narrow this down by presenting a list of cities, representing the time zones
in which they are located.

  1. Africa  2. America  3. Antarctica  4. Australia  5. Arctic  6. Asia  7. Atlantic  8. Europe  9. Indian  10. Pacific  11. SystemV  12. US  13. Etc
Geographic area: America

Please select the city or region corresponding to your time zone.

  1. Adak                     24. Barbados       47. Dawson_Creek          70. Indiana/Knox         93. Matamoros                116. Pangnirtung     139. St_Barthelemy
  2. Anchorage                25. Belem          48. Denver                71. Indiana/Marengo      94. Mazatlan                 117. Paramaribo      140. St_Johns
  3. Anguilla                 26. Belize         49. Detroit               72. Indiana/Petersburg   95. Menominee                118. Phoenix         141. St_Kitts
  4. Antigua                  27. Blanc-Sablon   50. Dominica              73. Indiana/Tell_City    96. Merida                   119. Port-au-Prince  142. St_Lucia
  5. Araguaina                28. Boa_Vista      51. Edmonton              74. Indiana/Vevay        97. Metlakatla               120. Port_of_Spain   143. St_Thomas
  6. Argentina/Buenos_Aires   29. Bogota         52. Eirunepe              75. Indiana/Vincennes    98. Mexico_City              121. Porto_Acre      144. St_Vincent
  7. Argentina/Catamarca      30. Boise          53. El_Salvador           76. Indiana/Winamac      99. Miquelon                 122. Porto_Velho     145. Swift_Current
  8. Argentina/Cordoba        31. Cambridge_Bay  54. Ensenada              77. Inuvik               100. Moncton                 123. Puerto_Rico     146. Tegucigalpa
  9. Argentina/Jujuy          32. Campo_Grande   55. Fort_Nelson           78. Iqaluit              101. Monterrey               124. Punta_Arenas    147. Thule
  10. Argentina/La_Rioja      33. Cancun         56. Fortaleza             79. Jamaica              102. Montevideo              125. Rainy_River     148. Thunder_Bay
  11. Argentina/Mendoza       34. Caracas        57. Glace_Bay             80. Juneau               103. Montreal                126. Rankin_Inlet    149. Tijuana
  12. Argentina/Rio_Gallegos  35. Cayenne        58. Godthab               81. Kentucky/Louisville  104. Montserrat              127. Recife          150. Toronto
  13. Argentina/Salta         36. Cayman         59. Goose_Bay             82. Kentucky/Monticello  105. Nassau                  128. Regina          151. Tortola
  14. Argentina/San_Juan      37. Chicago        60. Grand_Turk            83. Kralendijk           106. New_York                129. Resolute        152. Vancouver
  15. Argentina/San_Luis      38. Chihuahua      61. Grenada               84. La_Paz               107. Nipigon                 130. Rio_Branco      153. Virgin
  16. Argentina/Tucuman       39. Ciudad_Juarez  62. Guadeloupe            85. Lima                 108. Nome                    131. Santa_Isabel    154. Whitehorse
  17. Argentina/Ushuaia       40. Coral_Harbour  63. Guatemala             86. Los_Angeles          109. Noronha                 132. Santarem        155. Winnipeg
  18. Aruba                   41. Costa_Rica     64. Guayaquil             87. Lower_Princes        110. North_Dakota/Beulah     133. Santiago        156. Yakutat
  19. Asuncion                42. Creston        65. Guyana                88. Maceio               111. North_Dakota/Center     134. Santo_Domingo   157. Yellowknife
  20. Atikokan                43. Cuiaba         66. Halifax               89. Managua              112. North_Dakota/New_Salem  135. Sao_Paulo
  21. Atka                    44. Curacao        67. Havana                90. Manaus               113. Nuuk                    136. Scoresbysund
  22. Bahia                   45. Danmarkshavn   68. Hermosillo            91. Marigot              114. Ojinaga                 137. Shiprock
  23. Bahia_Banderas          46. Dawson         69. Indiana/Indianapolis  92. Martinique           115. Panama                  138. Sitka
Time zone: 103


Current default time zone: 'America/Montreal'
Local time is now:      Tue Oct  3 09:02:19 EDT 2023.
Universal Time is now:  Tue Oct  3 13:02:19 UTC 2023.
Run 'dpkg-reconfigure tzdata' if you wish to change it.

Setting up libdconf1:amd64 (0.36.0-1) ...
Setting up libglib2.0-data (2.64.6-1~ubuntu20.04.6) ...
Setting up gnupg-l10n (2.2.19-3ubuntu2.2) ...
Setting up libdbus-1-3:amd64 (1.12.16-2ubuntu2.3) ...
Setting up dbus (1.12.16-2ubuntu2.3) ...
Setting up ucf (3.0038+nmu1) ...
debconf: unable to initialize frontend: Dialog
debconf: (No usable dialog-like program is installed, so the dialog based frontend cannot be used. at /usr/share/perl5/Debconf/FrontEnd/Dialog.pm line 76.)
debconf: falling back to frontend: Readline
debconf: unable to initialize frontend: Readline
debconf: (Can't locate Term/ReadLine.pm in @INC (you may need to install the Term::ReadLine module) (@INC contains: /etc/perl /usr/local/lib/x86_64-linux-gnu/perl/5.30.0 /usr/local/share/perl/5.30.0 /usr/lib/x86_64-linux-gnu/perl5/5.30 /usr/share/perl5 /usr/lib/x86_64-linux-gnu/perl/5.30 /usr/share/perl/5.30 /usr/local/lib/site_perl /usr/lib/x86_64-linux-gnu/perl-base) at /usr/share/perl5/Debconf/FrontEnd/Readline.pm line 7.)
debconf: falling back to frontend: Teletype
Setting up libk5crypto3:amd64 (1.17-6ubuntu4.3) ...
Setting up libsasl2-2:amd64 (2.1.27+dfsg-2ubuntu0.1) ...
Setting up libroken18-heimdal:amd64 (7.7.0+dfsg-1ubuntu1.4) ...
Setting up python-apt-common (2.0.1ubuntu0.20.04.1) ...
Setting up dmsetup (2:1.02.167-1ubuntu1) ...
Setting up gpgconf (2.2.19-3ubuntu2.2) ...
Setting up libpam-systemd:amd64 (245.4-4ubuntu3.22) ...
debconf: unable to initialize frontend: Dialog
debconf: (No usable dialog-like program is installed, so the dialog based frontend cannot be used. at /usr/share/perl5/Debconf/FrontEnd/Dialog.pm line 76.)
debconf: falling back to frontend: Readline
debconf: unable to initialize frontend: Readline
debconf: (Can't locate Term/ReadLine.pm in @INC (you may need to install the Term::ReadLine module) (@INC contains: /etc/perl /usr/local/lib/x86_64-linux-gnu/perl/5.30.0 /usr/local/share/perl/5.30.0 /usr/lib/x86_64-linux-gnu/perl5/5.30 /usr/share/perl5 /usr/lib/x86_64-linux-gnu/perl/5.30 /usr/share/perl/5.30 /usr/local/lib/site_perl /usr/lib/x86_64-linux-gnu/perl-base) at /usr/share/perl5/Debconf/FrontEnd/Readline.pm line 7.)
debconf: falling back to frontend: Teletype
Setting up libgirepository-1.0-1:amd64 (1.64.1-1~ubuntu20.04.1) ...
Setting up libkrb5-3:amd64 (1.17-6ubuntu4.3) ...
Setting up libstemmer0d:amd64 (0+svn585-2) ...
Setting up glib-networking-common (2.64.2-1ubuntu0.1) ...
Setting up python3.8 (3.8.10-0ubuntu1~20.04.8) ...
Setting up openssl (1.1.1f-1ubuntu2.19) ...
Setting up libelf1:amd64 (0.176-1.1ubuntu0.1) ...
Setting up publicsuffix (20200303.0012-1) ...
Setting up iso-codes (4.4-1) ...
Setting up gpg (2.2.19-3ubuntu2.2) ...
Setting up libpolkit-gobject-1-0:amd64 (0.105-26ubuntu1.3) ...
Setting up libgstreamer1.0-0:amd64 (1.16.3-0ubuntu1.1) ...
Setcap worked! gst-ptp-helper is not suid!
Setting up libpython3-stdlib:amd64 (3.8.2-0ubuntu2) ...
Setting up libheimbase1-heimdal:amd64 (7.7.0+dfsg-1ubuntu1.4) ...
Setting up gnupg-utils (2.2.19-3ubuntu2.2) ...
Setting up pinentry-curses (1.1.0-3build1) ...
Setting up glib-networking-services (2.64.2-1ubuntu0.1) ...
Setting up gpg-agent (2.2.19-3ubuntu2.2) ...
Created symlink /etc/systemd/user/sockets.target.wants/gpg-agent-browser.socket → /usr/lib/systemd/user/gpg-agent-browser.socket.
Created symlink /etc/systemd/user/sockets.target.wants/gpg-agent-extra.socket → /usr/lib/systemd/user/gpg-agent-extra.socket.
Created symlink /etc/systemd/user/sockets.target.wants/gpg-agent-ssh.socket → /usr/lib/systemd/user/gpg-agent-ssh.socket.
Created symlink /etc/systemd/user/sockets.target.wants/gpg-agent.socket → /usr/lib/systemd/user/gpg-agent.socket.
Setting up libicu66:amd64 (66.1-2ubuntu2.1) ...
Setting up libasn1-8-heimdal:amd64 (7.7.0+dfsg-1ubuntu1.4) ...
Setting up gpgsm (2.2.19-3ubuntu2.2) ...
Setting up libglib2.0-bin (2.64.6-1~ubuntu20.04.6) ...
Setting up python3 (3.8.2-0ubuntu2) ...
running python rtupdate hooks for python3.8...
running python post-rtupdate hooks for python3.8...
Setting up libhcrypto4-heimdal:amd64 (7.7.0+dfsg-1ubuntu1.4) ...
Setting up python3-six (1.14.0-2) ...
Setting up ca-certificates (20230311ubuntu0.20.04.1) ...
debconf: unable to initialize frontend: Dialog
debconf: (No usable dialog-like program is installed, so the dialog based frontend cannot be used. at /usr/share/perl5/Debconf/FrontEnd/Dialog.pm line 76.)
debconf: falling back to frontend: Readline
debconf: unable to initialize frontend: Readline
debconf: (Can't locate Term/ReadLine.pm in @INC (you may need to install the Term::ReadLine module) (@INC contains: /etc/perl /usr/local/lib/x86_64-linux-gnu/perl/5.30.0 /usr/local/share/perl/5.30.0 /usr/lib/x86_64-linux-gnu/perl5/5.30 /usr/share/perl5 /usr/lib/x86_64-linux-gnu/perl/5.30 /usr/share/perl/5.30 /usr/local/lib/site_perl /usr/lib/x86_64-linux-gnu/perl-base) at /usr/share/perl5/Debconf/FrontEnd/Readline.pm line 7.)
debconf: falling back to frontend: Teletype
Updating certificates in /etc/ssl/certs...
137 added, 0 removed; done.
Setting up dbus-user-session (1.12.16-2ubuntu2.3) ...
Setting up libwind0-heimdal:amd64 (7.7.0+dfsg-1ubuntu1.4) ...
Setting up python3-certifi (2019.11.28-1) ...
Setting up libgssapi-krb5-2:amd64 (1.17-6ubuntu4.3) ...
Setting up python3-idna (2.8-1) ...
Setting up gir1.2-glib-2.0:amd64 (1.64.1-1~ubuntu20.04.1) ...
Setting up python3-urllib3 (1.25.8-2ubuntu0.2) ...
Setting up gpg-wks-server (2.2.19-3ubuntu2.2) ...
Setting up libpolkit-agent-1-0:amd64 (0.105-26ubuntu1.3) ...
Setting up lsb-release (11.1.0ubuntu2) ...
Setting up python3-distro-info (0.23ubuntu1.1) ...
Setting up libxml2:amd64 (2.9.10+dfsg-5ubuntu0.20.04.6) ...
Setting up policykit-1 (0.105-26ubuntu1.3) ...
Setting up python3-pkg-resources (45.2.0-1ubuntu0.1) ...
Setting up python3-dbus (1.2.16-1build1) ...
Setting up python3-apt (2.0.1ubuntu0.20.04.1) ...
Setting up libhx509-5-heimdal:amd64 (7.7.0+dfsg-1ubuntu1.4) ...
Setting up dconf-service (0.36.0-1) ...
Setting up gir1.2-packagekitglib-1.0 (1.1.13-2ubuntu1.1) ...
Setting up unattended-upgrades (2.3ubuntu0.3) ...
debconf: unable to initialize frontend: Dialog
debconf: (No usable dialog-like program is installed, so the dialog based frontend cannot be used. at /usr/share/perl5/Debconf/FrontEnd/Dialog.pm line 76.)
debconf: falling back to frontend: Readline
debconf: unable to initialize frontend: Readline
debconf: (Can't locate Term/ReadLine.pm in @INC (you may need to install the Term::ReadLine module) (@INC contains: /etc/perl /usr/local/lib/x86_64-linux-gnu/perl/5.30.0 /usr/local/share/perl/5.30.0 /usr/lib/x86_64-linux-gnu/perl5/5.30 /usr/share/perl5 /usr/lib/x86_64-linux-gnu/perl/5.30 /usr/share/perl/5.30 /usr/local/lib/site_perl /usr/lib/x86_64-linux-gnu/perl-base) at /usr/share/perl5/Debconf/FrontEnd/Readline.pm line 7.)
debconf: falling back to frontend: Teletype

Creating config file /etc/apt/apt.conf.d/20auto-upgrades with new version

Creating config file /etc/apt/apt.conf.d/50unattended-upgrades with new version
Created symlink /etc/systemd/system/multi-user.target.wants/unattended-upgrades.service → /lib/systemd/system/unattended-upgrades.service.
Setting up python3-chardet (3.0.4-4build1) ...
Setting up python3-gi (3.36.0-1) ...
Setting up shared-mime-info (1.15-1) ...
Setting up python3-requests (2.22.0-2ubuntu1.1) ...
Setting up libkrb5-26-heimdal:amd64 (7.7.0+dfsg-1ubuntu1.4) ...
Setting up networkd-dispatcher (2.1-2~ubuntu20.04.3) ...
Created symlink /etc/systemd/system/multi-user.target.wants/networkd-dispatcher.service → /lib/systemd/system/networkd-dispatcher.service.
Setting up dconf-gsettings-backend:amd64 (0.36.0-1) ...
Setting up libheimntlm0-heimdal:amd64 (7.7.0+dfsg-1ubuntu1.4) ...
Setting up python3-requests-unixsocket (0.2.0-2) ...
Setting up libgssapi3-heimdal:amd64 (7.7.0+dfsg-1ubuntu1.4) ...
Setting up python3-software-properties (0.99.9.12) ...
Setting up gsettings-desktop-schemas (3.36.0-1ubuntu1) ...
Setting up libldap-2.4-2:amd64 (2.4.49+dfsg-2ubuntu1.9) ...
Setting up dirmngr (2.2.19-3ubuntu2.2) ...
Created symlink /etc/systemd/user/sockets.target.wants/dirmngr.socket → /usr/lib/systemd/user/dirmngr.socket.
Setting up glib-networking:amd64 (2.64.2-1ubuntu0.1) ...
Setting up libsoup2.4-1:amd64 (2.70.0-1) ...
Setting up gpg-wks-client (2.2.19-3ubuntu2.2) ...
Setting up libappstream4:amd64 (0.12.10-2) ...
Setting up gnupg (2.2.19-3ubuntu2.2) ...
Setting up packagekit (1.1.13-2ubuntu1.1) ...
invoke-rc.d: could not determine current runlevel
invoke-rc.d: policy-rc.d denied execution of force-reload.
Failed to open connection to "system" message bus: Failed to connect to socket /var/run/dbus/system_bus_socket: No such file or directory
Created symlink /etc/systemd/user/sockets.target.wants/pk-debconf-helper.socket → /usr/lib/systemd/user/pk-debconf-helper.socket.
Setting up packagekit-tools (1.1.13-2ubuntu1.1) ...
Setting up software-properties-common (0.99.9.12) ...
Processing triggers for libc-bin (2.31-0ubuntu9.9) ...
Processing triggers for systemd (245.4-4ubuntu3.22) ...
Processing triggers for mime-support (3.64ubuntu1) ...
Processing triggers for ca-certificates (20230311ubuntu0.20.04.1) ...
Updating certificates in /etc/ssl/certs...
0 added, 0 removed; done.
Running hooks in /etc/ca-certificates/update.d...
done.
Processing triggers for dbus (1.12.16-2ubuntu2.3) ...
root@gluster1:/# add-apt-repository ppa:gluster/glusterfs-6
 GlusterFS 6
 More info: https://launchpad.net/~gluster/+archive/ubuntu/glusterfs-6
Press [ENTER] to continue or Ctrl-c to cancel adding it.

Hit:1 http://security.ubuntu.com/ubuntu focal-security InRelease
Hit:2 http://archive.ubuntu.com/ubuntu focal InRelease
Get:3 http://ppa.launchpad.net/gluster/glusterfs-6/ubuntu focal InRelease [24.3 kB]
Hit:4 http://archive.ubuntu.com/ubuntu focal-updates InRelease
Hit:5 http://archive.ubuntu.com/ubuntu focal-backports InRelease
Get:6 http://ppa.launchpad.net/gluster/glusterfs-6/ubuntu focal/main amd64 Packages [2027 B]
Fetched 26.4 kB in 1s (35.7 kB/s)
Reading package lists... Done
root@gluster1:/# apt-get update
Hit:1 http://archive.ubuntu.com/ubuntu focal InRelease
Hit:2 http://archive.ubuntu.com/ubuntu focal-updates InRelease
Hit:3 http://ppa.launchpad.net/gluster/glusterfs-6/ubuntu focal InRelease
Hit:4 http://archive.ubuntu.com/ubuntu focal-backports InRelease
Hit:5 http://security.ubuntu.com/ubuntu focal-security InRelease
Reading package lists... Done
root@gluster1:/# apt-get install glusterfs-server
Reading package lists... Done
Building dependency tree
Reading state information... Done
The following additional packages will be installed:
  attr fuse glusterfs-client glusterfs-common ibverbs-providers keyutils libaio1 libevent-2.1-7 libfuse2 libgfapi0 libgfchangelog0 libgfrpc0 libgfxdr0 libglusterfs0
  libibverbs1 libnfsidmap2 libnl-3-200 libnl-route-3-200 librdmacm1 libreadline5 libtirpc-common libtirpc3 liburcu6 libwrap0 nfs-common psmisc python3-cffi-backend
  python3-cryptography python3-jwt python3-prettytable rpcbind xfsprogs
Suggested packages:
  open-iscsi watchdog python-cryptography-doc python3-cryptography-vectors python3-crypto xfsdump acl quota
The following NEW packages will be installed:
  attr fuse glusterfs-client glusterfs-common glusterfs-server ibverbs-providers keyutils libaio1 libevent-2.1-7 libfuse2 libgfapi0 libgfchangelog0 libgfrpc0 libgfxdr0
  libglusterfs0 libibverbs1 libnfsidmap2 libnl-3-200 libnl-route-3-200 librdmacm1 libreadline5 libtirpc-common libtirpc3 liburcu6 libwrap0 nfs-common psmisc
  python3-cffi-backend python3-cryptography python3-jwt python3-prettytable rpcbind xfsprogs
0 upgraded, 33 newly installed, 0 to remove and 2 not upgraded.
Need to get 5883 kB of archives.
After this operation, 28.3 MB of additional disk space will be used.
Do you want to continue? [Y/n] Y
Get:1 http://archive.ubuntu.com/ubuntu focal-updates/main amd64 libtirpc-common all 1.2.5-1ubuntu0.1 [7712 B]
Get:2 http://archive.ubuntu.com/ubuntu focal-updates/main amd64 libtirpc3 amd64 1.2.5-1ubuntu0.1 [77.9 kB]
Get:3 http://archive.ubuntu.com/ubuntu focal/main amd64 libwrap0 amd64 7.6.q-30 [46.3 kB]
Get:4 http://archive.ubuntu.com/ubuntu focal/main amd64 rpcbind amd64 1.2.5-8 [42.8 kB]
Get:5 http://archive.ubuntu.com/ubuntu focal/main amd64 python3-cffi-backend amd64 1.14.0-1build1 [68.7 kB]
Get:6 http://archive.ubuntu.com/ubuntu focal/main amd64 libfuse2 amd64 2.9.9-3 [82.0 kB]
Get:7 http://archive.ubuntu.com/ubuntu focal/main amd64 fuse amd64 2.9.9-3 [26.0 kB]
Get:8 http://archive.ubuntu.com/ubuntu focal/main amd64 psmisc amd64 23.3-1 [53.3 kB]
Get:9 http://archive.ubuntu.com/ubuntu focal/main amd64 attr amd64 1:2.4.48-5 [21.9 kB]
Get:10 http://archive.ubuntu.com/ubuntu focal/main amd64 libaio1 amd64 0.3.112-5 [7184 B]
Get:11 http://archive.ubuntu.com/ubuntu focal/universe amd64 libglusterfs0 amd64 7.2-2build1 [286 kB]
Get:12 http://archive.ubuntu.com/ubuntu focal/universe amd64 libgfxdr0 amd64 7.2-2build1 [24.2 kB]
Get:13 http://archive.ubuntu.com/ubuntu focal/universe amd64 libgfrpc0 amd64 7.2-2build1 [46.1 kB]
Get:14 http://archive.ubuntu.com/ubuntu focal/universe amd64 libgfapi0 amd64 7.2-2build1 [72.6 kB]
Get:15 http://archive.ubuntu.com/ubuntu focal/universe amd64 libgfchangelog0 amd64 7.2-2build1 [25.4 kB]
Get:16 http://archive.ubuntu.com/ubuntu focal-updates/main amd64 libnl-3-200 amd64 3.4.0-1ubuntu0.1 [54.4 kB]
Get:17 http://archive.ubuntu.com/ubuntu focal-updates/main amd64 libnl-route-3-200 amd64 3.4.0-1ubuntu0.1 [151 kB]
Get:18 http://archive.ubuntu.com/ubuntu focal/main amd64 libibverbs1 amd64 28.0-1ubuntu1 [53.6 kB]
Get:19 http://archive.ubuntu.com/ubuntu focal/main amd64 librdmacm1 amd64 28.0-1ubuntu1 [64.9 kB]
Get:20 http://archive.ubuntu.com/ubuntu focal/main amd64 liburcu6 amd64 0.11.1-2 [54.2 kB]
Get:21 http://archive.ubuntu.com/ubuntu focal/main amd64 python3-prettytable all 0.7.2-5 [20.1 kB]
Get:22 http://archive.ubuntu.com/ubuntu focal-updates/main amd64 python3-jwt all 1.7.1-2ubuntu2.1 [18.0 kB]
Get:23 http://archive.ubuntu.com/ubuntu focal/main amd64 libreadline5 amd64 5.2+dfsg-3build3 [100 kB]
Get:24 http://archive.ubuntu.com/ubuntu focal/main amd64 xfsprogs amd64 5.3.0-1ubuntu2 [773 kB]
Get:25 http://archive.ubuntu.com/ubuntu focal/universe amd64 glusterfs-common amd64 7.2-2build1 [2630 kB]
Get:26 http://archive.ubuntu.com/ubuntu focal/universe amd64 glusterfs-client amd64 7.2-2build1 [25.1 kB]
Get:27 http://archive.ubuntu.com/ubuntu focal/universe amd64 glusterfs-server amd64 7.2-2build1 [192 kB]
Get:28 http://archive.ubuntu.com/ubuntu focal/main amd64 ibverbs-providers amd64 28.0-1ubuntu1 [232 kB]
Get:29 http://archive.ubuntu.com/ubuntu focal-updates/main amd64 keyutils amd64 1.6-6ubuntu1.1 [44.8 kB]
Get:30 http://archive.ubuntu.com/ubuntu focal/main amd64 libevent-2.1-7 amd64 2.1.11-stable-1 [138 kB]
Get:31 http://archive.ubuntu.com/ubuntu focal/main amd64 libnfsidmap2 amd64 0.25-5.1ubuntu1 [27.9 kB]
Get:32 http://archive.ubuntu.com/ubuntu focal-updates/main amd64 nfs-common amd64 1:1.3.4-2.5ubuntu3.5 [204 kB]
Get:33 http://archive.ubuntu.com/ubuntu focal-updates/main amd64 python3-cryptography amd64 2.8-3ubuntu0.1 [211 kB]
Fetched 5883 kB in 0s (12.0 MB/s)
debconf: delaying package configuration, since apt-utils is not installed
Selecting previously unselected package libtirpc-common.
(Reading database ... 13215 files and directories currently installed.)
Preparing to unpack .../00-libtirpc-common_1.2.5-1ubuntu0.1_all.deb ...
Unpacking libtirpc-common (1.2.5-1ubuntu0.1) ...
Selecting previously unselected package libtirpc3:amd64.
Preparing to unpack .../01-libtirpc3_1.2.5-1ubuntu0.1_amd64.deb ...
Unpacking libtirpc3:amd64 (1.2.5-1ubuntu0.1) ...
Selecting previously unselected package libwrap0:amd64.
Preparing to unpack .../02-libwrap0_7.6.q-30_amd64.deb ...
Unpacking libwrap0:amd64 (7.6.q-30) ...
Selecting previously unselected package rpcbind.
Preparing to unpack .../03-rpcbind_1.2.5-8_amd64.deb ...
Unpacking rpcbind (1.2.5-8) ...
Selecting previously unselected package python3-cffi-backend.
Preparing to unpack .../04-python3-cffi-backend_1.14.0-1build1_amd64.deb ...
Unpacking python3-cffi-backend (1.14.0-1build1) ...
Selecting previously unselected package libfuse2:amd64.
Preparing to unpack .../05-libfuse2_2.9.9-3_amd64.deb ...
Unpacking libfuse2:amd64 (2.9.9-3) ...
Selecting previously unselected package fuse.
Preparing to unpack .../06-fuse_2.9.9-3_amd64.deb ...
Unpacking fuse (2.9.9-3) ...
Selecting previously unselected package psmisc.
Preparing to unpack .../07-psmisc_23.3-1_amd64.deb ...
Unpacking psmisc (23.3-1) ...
Selecting previously unselected package attr.
Preparing to unpack .../08-attr_1%3a2.4.48-5_amd64.deb ...
Unpacking attr (1:2.4.48-5) ...
Selecting previously unselected package libaio1:amd64.
Preparing to unpack .../09-libaio1_0.3.112-5_amd64.deb ...
Unpacking libaio1:amd64 (0.3.112-5) ...
Selecting previously unselected package libglusterfs0:amd64.
Preparing to unpack .../10-libglusterfs0_7.2-2build1_amd64.deb ...
Unpacking libglusterfs0:amd64 (7.2-2build1) ...
Selecting previously unselected package libgfxdr0:amd64.
Preparing to unpack .../11-libgfxdr0_7.2-2build1_amd64.deb ...
Unpacking libgfxdr0:amd64 (7.2-2build1) ...
Selecting previously unselected package libgfrpc0:amd64.
Preparing to unpack .../12-libgfrpc0_7.2-2build1_amd64.deb ...
Unpacking libgfrpc0:amd64 (7.2-2build1) ...
Selecting previously unselected package libgfapi0:amd64.
Preparing to unpack .../13-libgfapi0_7.2-2build1_amd64.deb ...
Unpacking libgfapi0:amd64 (7.2-2build1) ...
Selecting previously unselected package libgfchangelog0:amd64.
Preparing to unpack .../14-libgfchangelog0_7.2-2build1_amd64.deb ...
Unpacking libgfchangelog0:amd64 (7.2-2build1) ...
Selecting previously unselected package libnl-3-200:amd64.
Preparing to unpack .../15-libnl-3-200_3.4.0-1ubuntu0.1_amd64.deb ...
Unpacking libnl-3-200:amd64 (3.4.0-1ubuntu0.1) ...
Selecting previously unselected package libnl-route-3-200:amd64.
Preparing to unpack .../16-libnl-route-3-200_3.4.0-1ubuntu0.1_amd64.deb ...
Unpacking libnl-route-3-200:amd64 (3.4.0-1ubuntu0.1) ...
Selecting previously unselected package libibverbs1:amd64.
Preparing to unpack .../17-libibverbs1_28.0-1ubuntu1_amd64.deb ...
Unpacking libibverbs1:amd64 (28.0-1ubuntu1) ...
Selecting previously unselected package librdmacm1:amd64.
Preparing to unpack .../18-librdmacm1_28.0-1ubuntu1_amd64.deb ...
Unpacking librdmacm1:amd64 (28.0-1ubuntu1) ...
Selecting previously unselected package liburcu6:amd64.
Preparing to unpack .../19-liburcu6_0.11.1-2_amd64.deb ...
Unpacking liburcu6:amd64 (0.11.1-2) ...
Selecting previously unselected package python3-prettytable.
Preparing to unpack .../20-python3-prettytable_0.7.2-5_all.deb ...
Unpacking python3-prettytable (0.7.2-5) ...
Selecting previously unselected package python3-jwt.
Preparing to unpack .../21-python3-jwt_1.7.1-2ubuntu2.1_all.deb ...
Unpacking python3-jwt (1.7.1-2ubuntu2.1) ...
Selecting previously unselected package libreadline5:amd64.
Preparing to unpack .../22-libreadline5_5.2+dfsg-3build3_amd64.deb ...
Unpacking libreadline5:amd64 (5.2+dfsg-3build3) ...
Selecting previously unselected package xfsprogs.
Preparing to unpack .../23-xfsprogs_5.3.0-1ubuntu2_amd64.deb ...
Unpacking xfsprogs (5.3.0-1ubuntu2) ...
Selecting previously unselected package glusterfs-common.
Preparing to unpack .../24-glusterfs-common_7.2-2build1_amd64.deb ...
Unpacking glusterfs-common (7.2-2build1) ...
Selecting previously unselected package glusterfs-client.
Preparing to unpack .../25-glusterfs-client_7.2-2build1_amd64.deb ...
Unpacking glusterfs-client (7.2-2build1) ...
Selecting previously unselected package glusterfs-server.
Preparing to unpack .../26-glusterfs-server_7.2-2build1_amd64.deb ...
Unpacking glusterfs-server (7.2-2build1) ...
Selecting previously unselected package ibverbs-providers:amd64.
Preparing to unpack .../27-ibverbs-providers_28.0-1ubuntu1_amd64.deb ...
Unpacking ibverbs-providers:amd64 (28.0-1ubuntu1) ...
Selecting previously unselected package keyutils.
Preparing to unpack .../28-keyutils_1.6-6ubuntu1.1_amd64.deb ...
Unpacking keyutils (1.6-6ubuntu1.1) ...
Selecting previously unselected package libevent-2.1-7:amd64.
Preparing to unpack .../29-libevent-2.1-7_2.1.11-stable-1_amd64.deb ...
Unpacking libevent-2.1-7:amd64 (2.1.11-stable-1) ...
Selecting previously unselected package libnfsidmap2:amd64.
Preparing to unpack .../30-libnfsidmap2_0.25-5.1ubuntu1_amd64.deb ...
Unpacking libnfsidmap2:amd64 (0.25-5.1ubuntu1) ...
Selecting previously unselected package nfs-common.
Preparing to unpack .../31-nfs-common_1%3a1.3.4-2.5ubuntu3.5_amd64.deb ...
Unpacking nfs-common (1:1.3.4-2.5ubuntu3.5) ...
Selecting previously unselected package python3-cryptography.
Preparing to unpack .../32-python3-cryptography_2.8-3ubuntu0.1_amd64.deb ...
Unpacking python3-cryptography (2.8-3ubuntu0.1) ...
Setting up libreadline5:amd64 (5.2+dfsg-3build3) ...
Setting up python3-jwt (1.7.1-2ubuntu2.1) ...
Setting up psmisc (23.3-1) ...
Setting up attr (1:2.4.48-5) ...
Setting up libtirpc-common (1.2.5-1ubuntu0.1) ...
Setting up libfuse2:amd64 (2.9.9-3) ...
Setting up libglusterfs0:amd64 (7.2-2build1) ...
Setting up libwrap0:amd64 (7.6.q-30) ...
Setting up libevent-2.1-7:amd64 (2.1.11-stable-1) ...
Setting up xfsprogs (5.3.0-1ubuntu2) ...
System has not been booted with systemd as init system (PID 1). Can't operate.
Failed to connect to bus: Host is down
Setting up keyutils (1.6-6ubuntu1.1) ...
Setting up liburcu6:amd64 (0.11.1-2) ...
Setting up libnl-3-200:amd64 (3.4.0-1ubuntu0.1) ...
Setting up libaio1:amd64 (0.3.112-5) ...
Setting up libnfsidmap2:amd64 (0.25-5.1ubuntu1) ...
Setting up python3-prettytable (0.7.2-5) ...
Setting up python3-cffi-backend (1.14.0-1build1) ...
Setting up libtirpc3:amd64 (1.2.5-1ubuntu0.1) ...
Setting up fuse (2.9.9-3) ...
Setting up rpcbind (1.2.5-8) ...
invoke-rc.d: could not determine current runlevel
invoke-rc.d: policy-rc.d denied execution of start.
Created symlink /etc/systemd/system/multi-user.target.wants/rpcbind.service → /lib/systemd/system/rpcbind.service.
Created symlink /etc/systemd/system/sockets.target.wants/rpcbind.socket → /lib/systemd/system/rpcbind.socket.
Setting up libnl-route-3-200:amd64 (3.4.0-1ubuntu0.1) ...
Setting up nfs-common (1:1.3.4-2.5ubuntu3.5) ...
debconf: unable to initialize frontend: Dialog
debconf: (No usable dialog-like program is installed, so the dialog based frontend cannot be used. at /usr/share/perl5/Debconf/FrontEnd/Dialog.pm line 76.)
debconf: falling back to frontend: Readline
debconf: unable to initialize frontend: Readline
debconf: (Can't locate Term/ReadLine.pm in @INC (you may need to install the Term::ReadLine module) (@INC contains: /etc/perl /usr/local/lib/x86_64-linux-gnu/perl/5.30.0 /usr/local/share/perl/5.30.0 /usr/lib/x86_64-linux-gnu/perl5/5.30 /usr/share/perl5 /usr/lib/x86_64-linux-gnu/perl/5.30 /usr/share/perl/5.30 /usr/local/lib/site_perl /usr/lib/x86_64-linux-gnu/perl-base) at /usr/share/perl5/Debconf/FrontEnd/Readline.pm line 7.)
debconf: falling back to frontend: Teletype

Creating config file /etc/idmapd.conf with new version
debconf: unable to initialize frontend: Dialog
debconf: (No usable dialog-like program is installed, so the dialog based frontend cannot be used. at /usr/share/perl5/Debconf/FrontEnd/Dialog.pm line 76.)
debconf: falling back to frontend: Readline
debconf: unable to initialize frontend: Readline
debconf: (Can't locate Term/ReadLine.pm in @INC (you may need to install the Term::ReadLine module) (@INC contains: /etc/perl /usr/local/lib/x86_64-linux-gnu/perl/5.30.0 /usr/local/share/perl/5.30.0 /usr/lib/x86_64-linux-gnu/perl5/5.30 /usr/share/perl5 /usr/lib/x86_64-linux-gnu/perl/5.30 /usr/share/perl/5.30 /usr/local/lib/site_perl /usr/lib/x86_64-linux-gnu/perl-base) at /usr/share/perl5/Debconf/FrontEnd/Readline.pm line 7.)
debconf: falling back to frontend: Teletype
Adding system user `statd' (UID 106) ...
Adding new user `statd' (UID 106) with group `nogroup' ...
Not creating home directory `/var/lib/nfs'.
System has not been booted with systemd as init system (PID 1). Can't operate.
Failed to connect to bus: Host is down
Created symlink /etc/systemd/system/multi-user.target.wants/nfs-client.target → /lib/systemd/system/nfs-client.target.
Created symlink /etc/systemd/system/remote-fs.target.wants/nfs-client.target → /lib/systemd/system/nfs-client.target.
invoke-rc.d: could not determine current runlevel
invoke-rc.d: policy-rc.d denied execution of start.
Setting up python3-cryptography (2.8-3ubuntu0.1) ...
Setting up libgfxdr0:amd64 (7.2-2build1) ...
Setting up libibverbs1:amd64 (28.0-1ubuntu1) ...
Setting up ibverbs-providers:amd64 (28.0-1ubuntu1) ...
Setting up libgfrpc0:amd64 (7.2-2build1) ...
Setting up librdmacm1:amd64 (28.0-1ubuntu1) ...
Setting up libgfchangelog0:amd64 (7.2-2build1) ...
Setting up libgfapi0:amd64 (7.2-2build1) ...
Setting up glusterfs-common (7.2-2build1) ...
Adding group `gluster' (GID 107) ...
Done.
/usr/lib/x86_64-linux-gnu/glusterfs/python/syncdaemon/syncdutils.py:705: SyntaxWarning: "is" with a literal. Did you mean "=="?
  if dirpath is "/":
Setting up glusterfs-client (7.2-2build1) ...
Setting up glusterfs-server (7.2-2build1) ...
Processing triggers for systemd (245.4-4ubuntu3.22) ...
Processing triggers for libc-bin (2.31-0ubuntu9.9) ...
root@gluster1:/# /usr/sbin/glusterd -p /var/run/glusterd.pid
root@gluster1:/# mkdir /home/disk1/
root@gluster1:/# gluster peer probe gluster2
peer probe: success.
root@gluster1:/# gluster volume create replicated1 replica 2 gluster1:/home/disk1/ gluster2:/home/disk1/ force
volume create: replicated1: success: please start the volume to access data
root@gluster1:/# gluster volume start replicated1
volume start: replicated1: success
root@gluster1:/# watch ls /home/disk1/
root@gluster1:/# time cp bigfile1 /mnt/replicated1/
cp: cannot stat 'bigfile1': No such file or directory

real    0m0.001s
user    0m0.000s
sys     0m0.001s
root@gluster1:/# mkdir /home/duplicated1
root@gluster1:/# rm -r /home/duplicated1
root@gluster1:/# mkdir /home/distributed1
root@gluster1:/# gluster volume create distributed1 gluster1:/home/distributed1 gluster2:/home/distributed1
volume create: distributed1: failed: The brick gluster1:/home/distributed1 is being created in the root partition. It is recommended that you don't use the system's root partition for storage backend. Or use 'force' at the end of the command if you want to override this behavior.
root@gluster1:/# gluster volume create distributed1 gluster1:/home/distributed1 gluster2:/home/distributed1 force
volume create: distributed1: success: please start the volume to access data
root@gluster1:/# gluster volume start distributed1
volume start: distributed1: success
root@gluster1:/# mount -t glusterfs gluster1:/distributed1 /mnt/distributed1
ERROR: Mount point does not exist
Please specify a mount point
Usage:
man 8 /sbin/mount.glusterfs
root@gluster1:/# watch ls -l /home/distributed1
root@gluster1:/#